1373463914,-95.000000,-13.500000,2020-03-03T16:41:31.253,125000,7,867900000,7,5741852,0,169,16,1,0,17,"","5DAFB3","","","","","","","20","BF0CA0F8","6A4366","20B3AF5D66436A6A65DD517B29883F62D933A1DB047AB86AAC0DB3E7375C0CB2BC0A0FB4DBC264ABC22D9BF25226AAD3B7930584968F9BCA3BFF95A278E64C29636E41F0F6BC3C9FF0EF0A7AD3CD3379B010BF847C533DFA63C1022007D54CA67855D1D3F1CB09BF94471957BC194BC4654028B05BE27C7F27716D06913074D08C1CF67DFB7B61B0AF92C7AFAAC7ED46B30D420320742E3C78C8EDEE7BF5628634D95A70BF0CA0F8"
2490654,-102.000000,6.000000,2020-03-03T16:41:33.253,125000,5,868100000,7,7540283,256,24,16,2,1,16,"","5DAFB3","","","01","1E012600010001A6","A6","F1","51","A082BB89","6A4366","511E012600010001A6F165CAB7C98A0F2F0C32A082BB89"
2490654,-102.000000,6.000000,2020-03-03T16:43:33.253,125000,5,868100000,7,7540283,256,24,16,2,1,16,"","5DAFB3","","","01","1E012600010001A6","A6","F1","51","A082BB89","6A4366","511E012600010001A6F165CAB7C98A0F2F0C32A082BB89"
2490654,-102.000000,6.000000,2020-03-03T16:45:33.253,125000,5,868100000,7,7540283,256,24,16,2,1,16,"","5DAFB3","","","01","1E012600010001A6","A6","F1","51","A082BB89","6A4366","511E012600010001A6F165CAB7C98A0F2F0C32A082BB89"
2490654,-102.000000,6.000000,2020-03-03T16:47:33.253,125000,5,868100000,7,7540283,256,24,16,2,1,16,"","5DAFB3","","","01","1E012600010001A6","A6","F1","51","A082BB89","6A4366","511E012600010001A6F165CAB7C98A0F2F0C32A082BB89"
2490654,-102.000000,6.000000,2020-03-03T16:48:33.253,125000,5,868100000,7,7540283,256,24,16,2,1,16,"","5DAFB3","","","01","1E012600010001A6","A6","F1","51","A082BB89","6A4366","511E012600010001A6F165CAB7C98A0F2F0C32A082BB89"
2490654,-102.000000,6.000000,2020-03-03T16:49:33.253,125000,5,868100000,7,7540283,256,24,16,2,1,16,"","5DAFB3","","","01","1E012600010001A6","A6","F1","51","A082BB89","6A4366","511E012600010001A6F165CAB7C98A0F2F0C32A082BB89"
2490654,-102.000000,6.000000,2020-03-03T16:55:33.253,125000,5,868100000,7,7540283,256,24,16,2,1,16,"","5DAFB3","","","01","1E012600010001A6","A6","F1","51","A082BB89","6A4366","511E012600010001A6F165CAB7C98A0F2F0C32A082BB89"
2155660655,-119.000000,-14.000000,2020-03-03T16:41:37.253,125000,5,868300000,12,12069436,892,27,16,3,1,16,"","5DAFB3","","","35","6FC57C80357C03A4059AC1BB","A4059AC1BB","C6","6E","3CDD3D38","6A4366","6E6FC57C80357C03A4059AC1BBC67F10BAF989311E863CDD3D38"
301026818,-113.000000,2.000000,2020-03-03T16:41:39.253,125000,5,868100000,7,13814939,892,37,16,1,1,16,"","26011A","","","35","6FC57C80357C03A4059AC1BB","A4059AC1BB","C6","3C","D4C4DA85","062F00","3C1A0126002F06024EF111C6D64C2395D955B5BE048A8B1A179E5E095521881FD4C4DA85"
301026818,-108.000000,8.000000,2020-03-03T16:41:49.253,125000,5,867100000,9,23468420,892,18,16,5,0,16,"","26011A","","","DF","6FC57C80357C03A4059AC1BB","A4059AC1BB","C6","B5","B7A12399","062F00","B51E012680DFB808297EB1574FB7A12399"
204275973,-117.000000,-7.500000,2020-03-03T16:42:04.253,125000,5,867100000,7,39276883,892,25,16,1,0,17,"","A8C645","","","DF","6FC57C80357C03A4059AC1BB","A4059AC1BB","C6","2E","03755F48","13CC80","2E45C6A880CC1305012D0CFCFEE06E53E597C72003755F48"
2157038078,-124.000000,-12.750000,2020-03-03T16:42:12.253,125000,5,867100000,12,46490708,870,27,16,4,0,16,"","A8C645","","","3C","FEC991803C66031849E41ABD5E3F62D3B5127C","1849E41ABD5E3F62D3B5127C","90","9A","8C5F2956","13CC80","9AFEC991803C66031849E41ABD5E3F62D3B5127C900E8C5F2956"
3773392373,-115.000000,-20.000000,2020-03-03T16:42:22.253,125000,5,868500000,12,56895972,1526,29,16,4,1,17,"","A8C645","","","79","F565E9E079F6059BDA55030381D87A0E","9BDA55030381D87A0E","DF","90","593F3A67","13CC80","90F565E9E079F6059BDA55030381D87A0EDFBC69D8281C2F593F3A67"
3773392373,-95.000000,7.500000,2020-03-03T16:42:22.253,125000,5,868100000,12,57038340,1526,19,16,4,1,16,"","A8C645","","","DF","F565E9E079F6059BDA55030381D87A0E","9BDA55030381D87A0E","DF","82","6DC35D01","13CC80","821D012680DFCD08E227BFFE99996DC35D01"
2149974298,-93.000000,-6.750000,2020-03-03T16:42:24.253,125000,5,868100000,12,58818596,2149,19,16,3,1,16,"","A8C645","","","54","1A01268054650872D002C1","72D002C1","F4","71","BD034973","13CC80","711A01268054650872D002C1F475BD034973"
2149974298,-115.000000,-17.750000,2020-03-03T16:42:40.253,125000,5,868300000,12,74862356,2149,20,16,0,1,17,"DC89B1D180001F56","A8C645","0750729E58B5EF6A","1876","54","1A01268054650872D002C1","72D002C1","F4","05","50077618","13CC80","05561F0080D1B189DC6AEFB5589E7250077618"
2149974298,-116.000000,-9.250000,2020-03-03T16:42:44.253,125000,5,868500000,7,79377491,2149,20,16,2,1,16,"DC89B1D180001F56","A8C645","0750729E58B5EF6A","1876","DD","1A01268054650872D002C1","72D002C1","F4","56","0B034D11","13CC80","56771F0080DD13019C54474436EDB70B034D11"
2490647,-114.000000,0.500000,2020-03-03T16:42:52.253,125000,5,868100000,7,86563035,256,27,16,2,1,16,"DC89B1D180001F56","A8C645","0750729E58B5EF6A","1876","01","1701260001000149","49","6A","4A","9062E0F4","13CC80","4A17012600010001496A165FEA8EC329BA6485ECEA3B9062E0F4"
2490647,-107.000000,7.250000,2020-03-03T16:42:55.253,125000,5,868300000,9,89906612,256,18,16,0,1,16,"9701063C00241F5A","A8C645","348898C22F6AA44C","1876","01","1701260001000149","49","6A","00","C2988834","13CC80","005A1F24003C0601974CA46A2FC2988834"
2490647,-117.000000,-4.000000,2020-03-03T16:43:20.253,125000,5,868100000,12,115321756,256,20,16,3,1,16,"9701063C00241F5A","A8C645","348898C22F6AA44C","1876","79","1701260001000149","49","6A","7C","9FB61717","13CC80","7C561F008079780176B9B3F6F4C5C49FB61717"
2149974301,-101.000000,4.250000,2020-03-03T16:43:22.253,125000,5,868500000,12,117031300,2253,19,16,4,1,16,"9701063C00241F5A","A8C645","348898C22F6AA44C","1876","E0","1D012680E0CD08","49","B3","82","EFFE0DBB","13CC80","821D012680E0CD08B3DF5AEB4FCDEFFE0DBB"
2149974298,-108.000000,-2.000000,2020-03-03T16:43:24.253,125000,5,868500000,12,118810524,2149,19,16,3,1,16,"9701063C00241F5A","A8C645","348898C22F6AA44C","1876","55","1A01268055650847F48ACF8F","47F48ACF8F","AC","71","98AFBD0C","13CC80","711A01268055650847F48ACF8FAC98AFBD0C"
2147491366,-119.000000,-14.250000,2020-03-03T16:43:42.253,125000,5,868300000,10,136708012,321,22,16,4,1,17,"9701063C00241F5A","A8C645","348898C22F6AA44C","1876","41","261E0080414101F1","F1","13","87","C7CCCE49","13CC80","87261E0080414101F1136004A2DB89195BC7CCCE49"
2155649548,-105.000000,-14.750000,2020-03-03T16:43:43.253,125000,5,867900000,12,137700364,891,27,16,4,0,16,"9701063C00241F5A","A8C645","348898C22F6AA44C","1876","72","0C9A7C80727B03CEA4","CEA4","26","92","CDEE15EA","13CC80","920C9A7C80727B03CEA426DC19EC1A746F24FBF46AC1CDEE15EA"
2147491366,-123.000000,-13.750000,2020-03-03T16:43:47.253,125000,5,868100000,10,141549452,578,22,16,4,1,17,"9701063C00241F5A","A8C645","348898C22F6AA44C","1876","41","261E0080414202F1","F1","13","87","C7CCCE09","13CC80","87261E0080414202F1136004A2DB89195BC7CCCE09"
2147491366,-111.000000,6.250000,2020-03-03T16:43:52.253,125000,5,868300000,7,146797171,578,20,16,4,1,16,"9701063C00241F5A","A8C645","348898C22F6AA44C","1876","41","261E0080414202F1","F1","13","87","C7CCCE09","13CC80","C8861F00801FE601C3EB19E4B36D77A97EA06A"
2147491366,-105.000000,-3.750000,2020-03-03T16:43:53.253,125000,5,868500000,9,147688860,578,18,16,0,1,17,"80A18A3580241F5A","A8C645","3AF5D4CDF04C9362","1876","41","261E0080414202F1","F1","13","00","CDD4F53A","13CC80","005A1F2480358AA18062934CF0CDD4F53A"
2147491366,-119.000000,-7.250000,2020-03-03T16:43:54.253,125000,5,868100000,7,148762515,578,27,16,0,1,16,"80A18A3580241F5A","A8C645","3AF5D4CDF04C9362","1876","41","261E0080414202F1","F1","13","00","CDD4F53A","13CC80","E01F0126000100016B9E11CEFA7F7029E524F609542C92C4DA8C"
2147491366,-107.000000,6.000000,2020-03-03T16:43:54.253,125000,5,868100000,7,148903531,578,20,16,0,1,16,"80A18A3580241F5A","A8C645","3AF5D4CDF04C9362","1876","41","261E0080414202F1","F1","13","00","CDD4F53A","13CC80","C8861F00801FE601C3EB19E4B36D77A97EA06A"
2147491366,-107.000000,0.000000,2020-03-03T16:43:56.253,125000,5,868500000,7,151010371,578,20,16,0,1,16,"80A18A3580241F5A","A8C645","3AF5D4CDF04C9362","1876","41","261E0080414202F1","F1","13","00","CDD4F53A","13CC80","C8861F00801FE601C3EB19E4B36D77A97EA06A"
2147491366,-118.000000,-18.500000,2020-03-03T16:44:00.253,125000,5,868300000,12,154397964,578,22,16,0,1,17,"2F61ACE780001EE9","A8C645","BC8EFEAD31EFC46C","B535","41","261E0080414202F1","F1","13","08","35B579E4","13CC80","08E91E0080E7AC612F6CC4EF31ADFE8EBC35B579E4"
2147491366,-113.000000,-2.750000,2020-03-03T16:44:03.253,125000,5,868100000,12,158310788,578,22,16,2,1,16,"2F61ACE780001EE9","A8C645","BC8EFEAD31EFC46C","B535","5E","261E0080414202F1","F1","13","49","F8A291CB","13CC80","49E31E00805E330134C4F487424658FD4EF8A291CB"
2156757995,-107.000000,-11.250000,2020-03-03T16:44:15.253,125000,5,868500000,12,170241540,886,27,16,4,1,16,"2F61ACE780001EE9","A8C645","BC8EFEAD31EFC46C","B535","7D","EB838D807D7603EFEA558AA0715F7B93235DCE67","EFEA558AA0715F7B93235DCE67","7C","9D","F7112273","13CC80","9DEB838D807D7603EFEA558AA0715F7B93235DCE677CF7112273"
2149974301,-115.000000,5.750000,2020-03-03T16:44:22.253,125000,5,867700000,12,177024036,2253,19,16,4,0,16,"2F61ACE780001EE9","A8C645","BC8EFEAD31EFC46C","B535","E1","1D012680E1CD08D2","D2","63","82","33AE8414","13CC80","821D012680E1CD08D263152A0A5833AE8414"
2149974298,-102.000000,-1.000000,2020-03-03T16:44:24.253,125000,5,868500000,12,178803420,2149,19,16,3,1,16,"2F61ACE780001EE9","A8C645","BC8EFEAD31EFC46C","B535","56","1A012680566508D89959835028","D89959835028","63","71","B40554BE","13CC80","711A012680566508D89959835028B40554BE"
2490643,-114.000000,2.000000,2020-03-03T16:44:28.253,125000,5,868100000,7,182732579,256,27,16,4,1,16,"2F61ACE780001EE9","A8C645","BC8EFEAD31EFC46C","B535","01","130126000100019D","9D","08","90","B66A08D0","13CC80","90130126000100019D0899F3757EF0C100E886D9E7D4B66A08D0"
2490643,-121.000000,-9.250000,2020-03-03T16:44:29.253,125000,5,867700000,12,183447212,256,22,16,4,0,16,"2F61ACE780001EE9","A8C645","BC8EFEAD31EFC46C","B535","01","130126000100019D","9D","08","90","B66A08D0","13CC80","D1551F0080A1DF013EA63D2E987A0006C3867836D7"
2490643,-111.000000,-3.250000,2020-03-03T16:44:37.253,125000,5,868100000,7,191804739,256,27,16,4,1,16,"2F61ACE780001EE9","A8C645","BC8EFEAD31EFC46C","B535","01","130126000100019D","9D","08","90","B66A08D0","13CC80","C21B012600010001DD80D9783E501270DD471C16E632FE07085A"
2147491618,-114.000000,-1.000000,2020-03-03T16:44:42.253,125000,5,867300000,7,196544259,376,20,16,3,0,16,"2F61ACE780001EE9","A8C645","BC8EFEAD31EFC46C","B535","31","221F0080317801D0","D0","00","60","FF840918","13CC80","60221F0080317801D00066CEAC38E9FF840918"
2490646,-102.000000,8.750000,2020-03-03T16:44:42.253,125000,5,868100000,7,196907307,256,24,16,3,1,16,"2F61ACE780001EE9","A8C645","BC8EFEAD31EFC46C","B535","01","160126000100018E","8E","EF","70","AB14DC68","13CC80","70160126000100018EEFD6851342AF361AAB39AB14DC68"
2490647,-101.000000,6.500000,2020-03-03T16:44:59.253,125000,5,868100000,7,213821747,543,37,16,3,1,16,"2F61ACE780001EE9","A8C645","BC8EFEAD31EFC46C","B535","A7","17012600A71F02174DE0B8C78C93","174DE0B8C78C93","FD","71","0AEB025A","13CC80","7117012600A71F02174DE0B8C78C93FD0E0C6E2FF33531001172E1183B7B10540AEB025A"
3508678145,-108.000000,-14.750000,2020-03-03T16:45:02.253,125000,5,868100000,12,217052252,543,20,16,1,1,16,"2F61ACE780001EE9","001F76","BC8EFEAD31EFC46C","B535","A7","17012600A71F02174DE0B8C78C93","174DE0B8C78C93","FD","23","CF811096","315080","23761F00805031012E22D114B18F2BCF811096"
3425091905,-108.000000,-11.500000,2020-03-03T16:45:03.253,125000,5,868100000,7,217937507,273,27,16,2,1,17,"2F61ACE780001EE9","001F76","BC8EFEAD31EFC46C","B535","0D","41C126CC0D11015B6307D03B6D1C565F439F9DA6","5B6307D03B6D1C565F439F9DA6","F3","50","6843F0FD","315080","5041C126CC0D11015B6307D03B6D1C565F439F9DA6F36843F0FD"
3425091905,-117.000000,-9.750000,2020-03-03T16:45:14.253,125000,5,868100000,12,228523004,273,27,16,0,1,16,"D2037D728059E6D2","001F76","F8FBCF78DDD7CA50","7482","0D","41C126CC0D11015B6307D03B6D1C565F439F9DA6","5B6307D03B6D1C565F439F9DA6","F3","0B","BF398BD5","315080","0BD2E65980727D03D250CAD7DD78CFFBF88274F22F4EBF398BD5"
2149974301,-105.000000,2.750000,2020-03-03T16:45:22.253,125000,5,867900000,12,237016396,2253,19,16,4,0,16,"D2037D728059E6D2","001F76","F8FBCF78DDD7CA50","7482","E2","1D012680E2CD08AECF","AECF","9A","82","AF69B478","315080","821D012680E2CD08AECF9A844489AF69B478"
2149974301,-117.000000,2.500000,2020-03-03T16:45:24.253,125000,5,868300000,12,238795844,2253,19,16,3,1,16,"D2037D728059E6D2","001F76","F8FBCF78DDD7CA50","7482","57","1D012680E2CD08AECF","AECF","9A","71","B5C0F09D","315080","711A012680576508C906F9B5C6F9B5C0F09D"
2490644,-116.000000,-5.000000,2020-03-03T16:45:33.253,125000,5,868100000,7,247549291,256,51,16,2,1,17,"D2037D728059E6D2","001F76","F8FBCF78DDD7CA50","7482","01","1401260001000137","37","E4","58","0EF86C66","315080","581401260001000137E4FBDB00394EB820FB3F276D81530D0B3B1B087B6500A1340D1AD5FED2ED988EF2BAFC6C9B0EF86C66"
2490641,-112.000000,-2.250000,2020-03-03T16:45:36.253,125000,5,868100000,7,251224995,256,27,16,5,1,16,"D2037D728059E6D2","001F76","F8FBCF78DDD7CA50","7482","01","110126000100019A","9A","53","B7","9301A7D2","315080","B7110126000100019A53AD40576BFC13AFA66F05FC5E9301A7D2"
2490641,-101.000000,-18.500000,2020-03-03T16:45:51.253,125000,5,867900000,12,266087228,256,27,16,0,0,16,"2C03A67700F0FFCE","001F76","9EE1DEC3DCEC2E90","CE73","01","110126000100019A","9A","53","0F","7CD8E000","315080","0FCEFFF00077A6032C902EECDCC3DEE19E73CEEDD86A7CD8E000"
2147491554,-115.000000,1.500000,2020-03-03T16:45:52.253,125000,5,867300000,7,266488555,436,22,16,5,0,16,"2C03A67700F0FFCE","001F76","9EE1DEC3DCEC2E90","CE73","C0","E21E0080C0B401","9A","AD","A4","A932F869","315080","A4E21E0080C0B401ADC1184FDCDFA27600A932F869"
2147491554,-120.000000,-21.500000,2020-03-03T16:45:53.253,125000,5,867100000,12,268277812,436,27,16,5,0,17,"2C03A67700F0FFCE","001F76","9EE1DEC3DCEC2E90","CE73","C0","E21E0080C0B401","9A","AD","A4","A932F869","315080","E41A61F9B0A89A03EFF1008DC200011790EF421FE4E03329DBB4"
1707275875,-129.000000,-10.500000,2020-03-03T16:45:55.253,125000,5,867100000,7,269551731,19812,29,16,3,0,17,"2C03A67700F0FFCE","001F76","9EE1DEC3DCEC2E90","CE73","D8","63F6C265D8644D4C5E339A539C3549","4C5E339A539C3549","A9","77","FB8AD55F","315080","7763F6C265D8644D4C5E339A539C3549A932B4C8F108767BFB8AD55F"
3935184129,-113.000000,-5.000000,2020-03-03T16:45:58.253,125000,5,868300000,7,272431883,19812,18,16,1,1,16,"2C03A67700F0FFCE","25B8FE","9EE1DEC3DCEC2E90","CE73","D8","63F6C265D8644D4C5E339A539C3549","4C5E339A539C3549","A9","3A","738A6680","046100","3AFEB82500610401258EEA1DA2738A6680"
2163485517,-98.000000,-10.250000,2020-03-03T16:46:12.253,125000,5,868100000,12,287080844,53090,27,16,3,1,17,"2C03A67700F0FFCE","25B8FE","9EE1DEC3DCEC2E90","CE73","A6","4D2BF480A662CF206801452D00","206801452D00","1F","73","FADB1AFD","046100","734D2BF480A662CF206801452D001FDB0D0BEF417706FADB1AFD"
2490643,-117.000000,-2.750000,2020-03-03T16:46:15.253,125000,5,868100000,11,289775868,2073,21,16,2,1,16,"2C03A67700F0FFCE","25B8FE","9EE1DEC3DCEC2E90","CE73","53","1301260053190806B3EF","06B3EF","7D","52","8A3CF9D0","046100","521301260053190806B3EF7D7590762F8A3CF9D0"
2147490267,-114.000000,-3.750000,2020-03-03T16:46:19.253,125000,5,868300000,7,294104459,285,20,16,5,1,16,"2C03A67700F0FFCE","25B8FE","9EE1DEC3DCEC2E90","CE73","97","DB190080971D0107BAF8781593B9","07BAF8781593B9","7D","B1","C63702BE","046100","B1DB190080971D0107BAF8781593B9C63702BE"
2147490267,-109.000000,-3.750000,2020-03-03T16:46:22.253,125000,5,868500000,12,296462500,285,20,16,5,1,16,"2C03A67700F0FFCE","25B8FE","9EE1DEC3DCEC2E90","CE73","97","DB190080971D0107BAF8781593B9","07BAF8781593B9","7D","B1","C63702BE","046100","E34E1F00801B3101F0392A13F57BAE54BE099C"
2147490267,-113.000000,-6.750000,2020-03-03T16:46:24.253,125000,5,868100000,12,298787900,285,19,16,3,1,16,"2C03A67700F0FFCE","25B8FE","9EE1DEC3DCEC2E90","CE73","58","DB190080971D0107BAF8781593B9","07BAF8781593B9","7D","71","0A79D7C7","046100","711A012680586508D7D1DFE62B5B0A79D7C7"
3502061829,-106.000000,4.500000,2020-03-03T16:46:27.253,125000,5,867700000,7,301968972,285,25,16,1,0,16,"2C03A67700F0FFCE","A8EAC5","9EE1DEC3DCEC2E90","CE73","58","DB190080971D0107BAF8781593B9","07BAF8781593B9","7D","2D","27E6B4F9","13CB80","2DC5EAA880CB130539BDD0BBF72355B6EC31DA5E27E6B4F9"
2147491618,-109.000000,2.750000,2020-03-03T16:46:31.253,125000,5,868500000,7,306071475,267,20,16,3,1,16,"2C03A67700F0FFCE","A8EAC5","9EE1DEC3DCEC2E90","CE73","16","221F0080160B01151C593F5CF8","151C593F5CF8","6F","76","D6AAB3DA","13CB80","76221F0080160B01151C593F5CF86FD6AAB3DA"
2490654,-103.000000,7.000000,2020-03-03T17:13:28.253,125000,5,868100000,7,306782211,256,24,16,2,1,16,"2C03A67700F0FFCE","A8EAC5","9EE1DEC3DCEC2E90","CE73","01","1E012600010001A6","A6","F1","51","A082BB89","13CB80","511E012600010001A6F165CAB7C98A0F2F0C32A082BB89"
2147491618,-109.000000,-10.250000,2020-03-03T16:46:33.253,125000,5,868100000,7,308177627,267,20,16,3,1,17,"2C03A67700F0FFCE","A8EAC5","9EE1DEC3DCEC2E90","CE73","16","221F0080160B01155CD97B10DC","155CD97B10DC","2B","76","960C7962","13CB80","76221F0080160B01155CD97B10DC2B960C7962"
2147491618,-109.000000,6.250000,2020-03-03T16:46:35.253,125000,5,868300000,7,310284883,267,20,16,3,1,16,"2C03A67700F0FFCE","A8EAC5","9EE1DEC3DCEC2E90","CE73","16","221F0080160B01151C593F5CF8","151C593F5CF8","6F","76","D6AAB3DA","13CB80","76221F0080160B01151C593F5CF86FD6AAB3DA"
2149974302,-105.000000,4.000000,2020-03-03T16:46:49.254,125000,5,868300000,9,323432012,2232,18,16,5,1,16,"2C03A67700F0FFCE","A8EAC5","9EE1DEC3DCEC2E90","CE73","E0","1E012680E0B808","151C593F5CF8","29","B5","8C1F12D4","13CB80","B51E012680E0B808294E3480068C1F12D4"
3935863810,-115.000000,-4.250000,2020-03-03T16:47:15.254,125000,5,868100000,7,349818147,2232,37,16,1,1,16,"2C03A67700F0FFCE","26011A","9EE1DEC3DCEC2E90","CE73","E0","1E012680E0B808","151C593F5CF8","29","3C","9CE6C839","063000","3C1A0126003006028498EA899051C148A77D8AFB8E727466F777F92D7E178FC39CE6C839"
2158577653,-114.000000,-13.250000,2020-03-03T16:47:22.254,125000,5,867100000,12,356875908,1524,29,16,4,0,16,"2C03A67700F0FFCE","26011A","9EE1DEC3DCEC2E90","CE73","7A","F547A9807AF4053E8FF957DCBAEA61D689","3E8FF957DCBAEA61D689","9A","90","74487E95","063000","90F547A9807AF4053E8FF957DCBAEA61D6899A45B8D48F8774487E95"
3561672961,-89.000000,-4.500000,2020-03-03T16:47:22.254,125000,5,867500000,12,356910932,1524,22,16,1,0,16,"2C03A67700F0FFCE","001C4D","9EE1DEC3DCEC2E90","CE73","7A","F547A9807AF4053E8FF957DCBAEA61D689","3E8FF957DCBAEA61D689","9A","22","B87C6DD9","D20080","224D1C008000D201D14AD4B10C40E23040B87C6DD9"
2149974301,-115.000000,2.500000,2020-03-03T16:47:22.254,125000,5,867700000,12,357002356,2253,19,16,4,0,16,"2C03A67700F0FFCE","001C4D","9EE1DEC3DCEC2E90","CE73","E4","1D012680E4CD086E73EAA8","6E73EAA8","0E","82","7EBF52F7","D20080","821D012680E4CD086E73EAA80EEF7EBF52F7"
2149974301,-113.000000,-0.250000,2020-03-03T16:47:24.254,125000,5,868300000,12,358780436,2253,19,16,3,1,16,"2C03A67700F0FFCE","001C4D","9EE1DEC3DCEC2E90","CE73","59","1D012680E4CD086E73EAA8","6E73EAA8","0E","71","5C1B76A7","D20080","711A012680596508AD5BADA6F9255C1B76A7"
2149974301,-106.000000,-10.000000,2020-03-03T16:47:27.254,125000,5,868300000,12,361488980,2253,20,16,5,1,16,"2C03A67700F0FFCE","001C4D","9EE1DEC3DCEC2E90","CE73","2D","1D012680E4CD086E73EAA8","6E73EAA8","0E","B5","23CA39CF","D20080","B5E81E00802D30018A6ABC5C35A19123CA39CF"
2149974301,-106.000000,-10.250000,2020-03-03T16:48:06.254,125000,5,867900000,10,400753964,2253,20,16,5,0,16,"2C03A67700F0FFCE","001C4D","9EE1DEC3DCEC2E90","CE73","2D","1D012680E4CD086E73EAA8","6E73EAA8","0E","B5","23CA39CF","D20080","C8741F00800000010C64E336457704315BF06C"
2149974301,-113.000000,5.250000,2020-03-03T16:48:22.254,125000,5,868500000,12,416994220,2253,19,16,4,1,16,"2C03A67700F0FFCE","001C4D","9EE1DEC3DCEC2E90","CE73","E5","1D012680E5CD08A47FF50E01","A47FF50E01","54","82","2D655B2C","D20080","821D012680E5CD08A47FF50E01542D655B2C"
2149974301,-110.000000,2.250000,2020-03-03T16:48:24.254,125000,5,868300000,12,418772980,2253,19,16,3,1,16,"2C03A67700F0FFCE","001C4D","9EE1DEC3DCEC2E90","CE73","5A","1D012680E5CD08A47FF50E01","A47FF50E01","54","71","2E5490BF","D20080","711A0126805A650888B5F5E2AFD32E5490BF"
2457014,-108.000000,-3.250000,2020-03-03T16:48:35.254,125000,5,868500000,12,429713660,342,24,16,2,1,16,"2C03A67700F0FFCE","001C4D","9EE1DEC3DCEC2E90","CE73","12","B67D25001256012FFE","2FFE","B9","4F","DD842DFD","D20080","4FB67D25001256012FFEB94B11C54F5128FF73DD842DFD"
2147483649,-115.000000,-11.500000,2020-03-03T16:48:43.254,125000,5,868500000,10,437568380,19860,19,16,4,1,17,"2C03A67700F0FFCE","001C4D","9EE1DEC3DCEC2E90","CE73","F1","01000080F1944D55","55","5B","89","C4A1FAC0","D20080","8901000080F1944D555B88BA7022C4A1FAC0"
2147491641,-100.000000,-5.500000,2020-03-03T16:48:57.254,125000,5,867500000,12,451624652,285,22,16,2,0,16,"2C03A67700F0FFCE","001C4D","9EE1DEC3DCEC2E90","CE73","F6","391F0080F61D0142C40E23C2A5","42C40E23C2A5","F1","49","38DA813A","D20080","49391F0080F61D0142C40E23C2A5F15F7738DA813A"
2147491641,-119.000000,-17.250000,2020-03-03T16:49:01.254,125000,5,868100000,12,456307228,285,20,16,2,1,17,"2C03A67700F0FFCE","001C4D","9EE1DEC3DCEC2E90","CE73","0D","391F0080F61D0142C40E23C2A5","42C40E23C2A5","F1","5C","28855E0E","D20080","5C375BC0880DC90B0E6E1FCDF4652728855E0E"
2149974301,-107.000000,4.750000,2020-03-03T16:49:22.254,125000,5,867100000,12,476987076,2253,19,16,4,0,16,"2C03A67700F0FFCE","001C4D","9EE1DEC3DCEC2E90","CE73","E6","1D012680E6CD085D1A88DF52AA","5D1A88DF52AA","F1","82","4C4EBAD4","D20080","821D012680E6CD085D1A88DF52AA4C4EBAD4"
2149974301,-115.000000,-1.500000,2020-03-03T16:49:24.254,125000,5,868100000,12,478765524,2253,19,16,3,1,16,"2C03A67700F0FFCE","001C4D","9EE1DEC3DCEC2E90","CE73","5B","1D012680E6CD085D1A88DF52AA","5D1A88DF52AA","F1","71","D7F8BFCB","D20080","711A0126805B65080A5E07F33D3FD7F8BFCB"
2490643,-117.000000,-2.500000,2020-03-03T16:49:27.254,125000,5,868100000,7,482328483,256,27,16,4,1,16,"2C03A67700F0FFCE","001C4D","9EE1DEC3DCEC2E90","CE73","01","130126000100019D","9D","0A","90","4FFF4F72","D20080","90130126000100019D0A99F3757EF0C100E886D9E7D44FFF4F72"
2490643,-112.000000,-5.000000,2020-03-03T16:49:29.254,125000,5,868100000,7,483895875,256,27,16,4,1,17,"2C03A67700F0FFCE","001C4D","9EE1DEC3DCEC2E90","CE73","01","130126000100019D","9D","0A","90","4FFF4F72","D20080","C21B012600010001DD87D9783E501270DD479C9672220B1F983A"
2490643,-113.000000,-7.750000,2020-03-03T16:49:37.254,125000,5,868300000,12,491895788,256,27,16,4,1,16,"2C03A67700F0FFCE","001C4D","9EE1DEC3DCEC2E90","CE73","01","130126000100019D","9D","0A","90","4FFF4F72","D20080","DF606A060035A6039DB902EDCE194794ED1DB99EC9A7A976E5AE"
2147491611,-99.000000,-16.000000,2020-03-03T16:49:41.254,125000,5,867900000,12,495705540,320,20,16,3,0,16,"2C03A67700F0FFCE","001C4D","9EE1DEC3DCEC2E90","CE73","62","1B1F0080624001753A","753A","E4","7E","95102703","D20080","7E1B1F0080624001753AE4B245B3EE95102703"
2490646,-102.000000,8.250000,2020-03-03T16:49:42.254,125000,5,868100000,7,496423179,256,24,16,3,1,16,"2C03A67700F0FFCE","001C4D","9EE1DEC3DCEC2E90","CE73","01","160126000100018E","8E","EF","70","AB14DC68","D20080","70160126000100018EEFD6851342AF361AAB39AB14DC68"
4062507265,-115.000000,-2.750000,2020-03-03T16:49:42.254,125000,5,868100000,7,497380019,256,27,16,1,1,16,"2C03A67700F0FFCE","260118","9EE1DEC3DCEC2E90","CE73","01","160126000100018E","8E","EF","39","61EA331E","000100","3918012600010001F124F21789F5120B0EEF2795C1B561EA331E"
2490649,-118.000000,-5.500000,2020-03-03T16:49:52.254,125000,5,868100000,7,506757779,256,27,16,4,1,16,"2C03A67700F0FFCE","260118","9EE1DEC3DCEC2E90","CE73","01","190126000100013D","3D","93","9F","2DDF0D56","000100","9F190126000100013D93DF2E5001CBDE5D9F61C20A9D2DDF0D56"
2490649,-119.000000,-7.750000,2020-03-03T16:49:54.254,125000,5,868100000,7,508724107,256,19,16,4,1,16,"2C03A67700F0FFCE","260118","9EE1DEC3DCEC2E90","CE73","1E","190126000100013D","3D","93","9C","1D27D151","000100","9C190126001E7801E971C0F96D5B1D27D151"
2490649,-115.000000,-9.500000,2020-03-03T16:49:56.254,125000,5,868100000,7,510496659,256,27,16,0,1,17,"0B01000100260114","260118","5F561C6D3BD00764","9F43","1E","190126000100013D","3D","93","00","29FE740B","000100","00140126000100010B6407D03B6D1C565F439F9D26FB29FE740B"
2490653,-115.000000,-16.500000,2020-03-03T16:50:06.254,125000,5,867300000,12,520560100,278,38,16,5,0,16,"0B01000100260114","260118","5F561C6D3BD00764","9F43","FB","1D012600FB1601C73C642A1A32542A5C0AD9","C73C642A1A32542A5C0AD9","68","B0","FD544BC4","000100","B01D012600FB1601C73C642A1A32542A5C0AD968E6A19F80F9571FE800106F2888FD544BC4"
3232366755,-119.000000,-9.250000,2020-03-03T16:50:08.254,125000,5,867300000,12,522595916,484,29,16,4,0,16,"0B01000100260114","260118","5F561C6D3BD00764","9F43","72","A300AAC072E4014AE3","4AE3","47","90","B0C7CFA3","000100","90A300AAC072E4014AE3477AC8CC5C7BDA58F61737A1ECF8B0C7CFA3"
3232366755,-107.000000,7.000000,2020-03-03T16:50:22.254,125000,5,868300000,12,536979444,484,19,16,4,1,16,"0B01000100260114","260118","5F561C6D3BD00764","9F43","E7","A300AAC072E4014AE3","4AE3","47","82","DD3BD220","000100","821D012680E7CD08FA396C56FA29DD3BD220"
3232366755,-115.000000,-2.000000,2020-03-03T16:50:24.254,125000,5,868100000,12,538757572,484,19,16,3,1,16,"0B01000100260114","260118","5F561C6D3BD00764","9F43","5C","A300AAC072E4014AE3","4AE3","47","71","1C4BA2","000100","711A0126805C65081704D6AC8CD36A1C4BA2"
2704610134,-88.000000,-11.000000,2020-03-03T16:50:35.254,125000,0,868500000,7,549731619,24541,189,16,3,1,17,"0B01000100260114","260118","5F561C6D3BD00764","9F43","16","561335A116DD5F6BE644471B0A","6BE644471B0A","07","66","8A7F314B","000100","66561335A116DD5F6BE644471B0A07211F5A4B4A889E793232101651B3BA779A42B75AE16915688210A6FCE1BAF8044B085C8F360033AEBA94A9D9F7F205F8C4704264A3599340862F4D90244FE2DB6A628343A7E12B58AE96FAE2D0BC8CAF96600880414BDE3352524C59355B53FD7F0A30DBAE55728DAEE1B4A119047501E0DFDDD4B1A5A30D0FA8A8E246926A8302F5A669531D0181AD6B291ED37763F86610696BDF8DE4E1C338628D17C48B77C766279E904FC472BE8A7F314B"
2490647,-101.000000,8.250000,2020-03-03T16:50:35.254,125000,5,868100000,7,549823979,543,37,16,3,1,16,"0B01000100260114","260118","5F561C6D3BD00764","9F43","A8","17012600A81F026BD1E578FACC09EE","6BD1E578FACC09EE","8E","71","6CB83C14","000100","7117012600A81F026BD1E578FACC09EE8E9811F63A455214196C4BE2DD5870F66CB83C14"
2157267893,-113.000000,-7.250000,2020-03-03T16:50:38.254,125000,5,868500000,12,552935404,893,27,16,3,1,16,"0B01000100260114","260118","5F561C6D3BD00764","9F43","9E","B54B95809E7D037B28FCFD39AACD5CCE889EDC77AE","7B28FCFD39AACD5CCE889EDC77AE","8E","71","2FA5D45D","000100","71B54B95809E7D037B28FCFD39AACD5CCE889EDC77AE2FA5D45D"
2490648,-118.000000,-11.000000,2020-03-03T16:50:44.254,125000,5,868100000,7,558952243,256,27,16,5,1,17,"0B01000100260114","260118","5F561C6D3BD00764","9F43","01","18012600010001D9","D9","1A","B6","61454D0C","000100","B618012600010001D91A32D1C6D4A26F5E273D2D1A9461454D0C"
2551933652,-106.000000,-11.750000,2020-03-03T16:50:44.254,250000,7,868300000,7,559377302,48785,79,16,3,1,17,"0B01000100260114","260118","5F561C6D3BD00764","9F43","91","D46A1B989191BE11","11","27","60","5F3A226A","000100","60D46A1B989191BE1127986172B5B88201BF774EE00A86C5C7C76E7173DEC20AA852137651FFE75DEFA89FCE9E440F542BBF631C7D3925FCE110533CE4732C731C26C134F274BB81EDF95F3A226A"
2551933652,-104.000000,-11.500000,2020-03-03T16:50:52.254,125000,5,868500000,7,566987651,48785,30,16,3,1,17,"0B01000100260114","260118","5F561C6D3BD00764","9F43","91","D46A1B989191BE11","11","27","60","5F3A226A","000100","FDD5245755D9DFA57BC9DC438C1F1472509B7066474BB606D13E169089"
2158551246,-120.000000,-6.250000,2020-03-03T16:50:53.254,125000,5,867100000,9,568256412,1317,29,16,2,0,16,"0B01000100260114","260118","5F561C6D3BD00764","9F43","50","CEE0A880502505","11","D3","53","2DC698F3","000100","53CEE0A880502505D37942FC0A2AD8AA29F4712FDAADAE972DC698F3"
2158551246,-111.000000,-7.750000,2020-03-03T16:50:59.254,125000,5,868500000,8,573529628,1317,18,16,4,1,17,"0B01000100260114","260118","5F561C6D3BD00764","9F43","2F","CEE0A880502505","11","D3","92","D53E0148","000100","92C93225002F0601BD50DB8D85D53E0148"
2158573344,-105.000000,-2.500000,2020-03-03T16:51:12.254,125000,5,867500000,8,587109020,1295,25,16,2,0,16,"0B01000100260114","260118","5F561C6D3BD00764","9F43","54","2037A980540F0524C9EB31","24C9EB31","FB","58","19227C2F","000100","582037A980540F0524C9EB31FB4D09A2FAE152CB19227C2F"
2158573344,-115.000000,-9.750000,2020-03-03T16:51:20.254,125000,5,868100000,7,594565739,1295,27,16,2,1,17,"0B01000100260114","260118","5F561C6D3BD00764","9F43","54","2037A980540F0524C9EB31","24C9EB31","FB","58","19227C2F","000100","E9110127000100A186B000CB8BC6AAFD175CF1C903AAFE38E597"
2158573344,-97.000000,6.750000,2020-03-03T16:51:22.254,125000,5,868500000,12,596972060,1295,19,16,4,1,16,"0B01000100260114","260118","5F561C6D3BD00764","9F43","E8","2037A980540F0524C9EB31","24C9EB31","FB","82","EC58A7D7","000100","821D012680E8CD089D595B14635CEC58A7D7"
443337473,-120.000000,-12.250000,2020-03-03T16:51:26.254,125000,5,868100000,12,600824772,1295,22,16,1,1,16,"0B01000100260114","001F6A","5F561C6D3BD00764","9F43","E8","2037A980540F0524C9EB31","24C9EB31","FB","28","1DA7A565","317C80","286A1F00807C3101CB6C1A6016A0C882891DA7A565"
2490654,-103.000000,-3.500000,2020-03-03T16:51:32.254,125000,5,868100000,7,606777723,256,24,16,2,1,17,"0B01000100260114","001F6A","5F561C6D3BD00764","9F43","01","1E012600010001A6","A6","F1","51","A082BB89","317C80","511E012600010001A6F165CAB7C98A0F2F0C32A082BB89"
