2019-10-20T20:59:50.641,5c:f3:70:87:46:2b,d7:e7:e7:6b:d6:3f,0,0,1,0,"First pairing of device d7:e7:e7:6b:d6:3f on hci dev 5c:f3:70:87:46:2b"
