2019-04-08T13:45:32.315,d7:e7:e7:6b:d6:3f,5c:f3:70:87:46:2b,0,0,1,0
2019-04-08T13:45:46.794,d7:e7:e7:6b:d6:3f,5c:f3:70:87:46:2b,0,1,1,0
