2019-04-08T13:33:52.211,d7:e7:e7:6b:d6:3f,5c:f3:70:87:46:2b,0,0,1,0
