5,2020-01-19T22:57:02.000,4,"Attacked routes: 03->02->05->01,."
