2,2020-01-19T22:57:02.000,3,"Unknown nodes in SR Cache: 5,."
