2,2020-01-19T22:57:02.000,2,"Unknown nodes in NL: 5,."
