2,2020-01-19T22:57:02.000,1,"Scanned: Device Manufacturer and Device Type, Device Software Version, Supported Command Classes, Basic Operational Status, Configuration Settings,"
