-119.000000,26099889,-111.000000,2017-09-06T18:39:29.000,0.050000,0,"The device 26099889 exceeded allowed distance from gateway by -2.05 dBm"
-120.000000,86099889,-113.000000,2017-09-08T09:26:19.000,0.050000,0,"The device 86099889 exceeded allowed distance from gateway by -1.00 dBm"
-119.000000,96099889,-113.000000,2017-09-06T15:47:08.000,0.050000,0,"The device 96099889 exceeded allowed distance from gateway by -0.05 dBm"
-119.000000,46099889,-113.000000,2017-09-06T16:00:37.000,0.050000,0,"The device 46099889 exceeded allowed distance from gateway by -0.05 dBm"
-120.000000,26099889,-109.000000,2017-09-06T16:34:53.000,0.050000,0,"The device 26099889 exceeded allowed distance from gateway by -5.00 dBm"
