-119.000000,637603849,-111.000000,2017-09-06T18:39:29.000,0.050000,0,"The device 637603849 exceeded allowed distance from gateway by -2.05 dBm"
-120.000000,637604844,-113.000000,2017-09-08T09:26:19.000,0.050000,0,"The device 637604844 exceeded allowed distance from gateway by -1.00 dBm"
-119.000000,637603849,-113.000000,2017-09-06T15:47:08.000,0.050000,0,"The device 637603849 exceeded allowed distance from gateway by -0.05 dBm"
-119.000000,637603849,-113.000000,2017-09-06T16:00:37.000,0.050000,0,"The device 637603849 exceeded allowed distance from gateway by -0.05 dBm"
-120.000000,637604844,-109.000000,2017-09-06T16:34:53.000,0.050000,0,"The device 637604844 exceeded allowed distance from gateway by -5.00 dBm"
