2019-09-25T10:26:02.998,6d:73:5a:f3:7b:98,0,17163,0,"The device 6d:73:5a:f3:7b:98 was in use for 17163us."
