2019-09-25T10:31:24.189,6d:73:5a:f3:7b:98,0,101417,0,"The device 6d:73:5a:f3:7b:98 was in use for 101417us."
