2019-09-25T10:23:12.777,6d:73:5a:f3:7b:98,0,3432,0,"The device 6d:73:5a:f3:7b:98 was in use for 3432us."
