2019-09-25T10:28:35.196,0x6d735af37b98,0,3184,0,"The device 6d:73:5a:f3:7b:98 was in use for 3184us."
