2019-09-25T10:24:54.242,6d:73:5a:f3:7b:98,1,3350,0,"The device 6d:73:5a:f3:7b:98 was in use for 3350us."
2019-09-25T10:25:02.323,6d:73:5a:f3:7b:98,1,3477,0,"The device 6d:73:5a:f3:7b:98 was in use for 3477us."
