time TIMESTAMP,macaddr INCIDENT_DEV_ADDR,uint32 ALERT_CODE,uint32 DURATION,uint8 ATYPE,string CAPTION
