time TIMESTAMP,macaddr INCIDENT_DEV_ADDR,uint32 ALERT_CODE,uint32 DURATION,uint8 ATYPE,string CAPTION
2019-09-25T10:26:02.998,c4:85:08:2b:ef:bb,0,17163,0,"The device c4:85:08:2b:ef:bb was in use for 17163us."
2019-09-25T10:28:35.196,c4:85:08:2b:ef:bb,0,3184,0,"The device c4:85:08:2b:ef:bb was in use for 3184us."
