2019-09-25T22:25:02.323,6d:73:5a:f3:7b:98,0,3477,0,"The device 6d:73:5a:f3:7b:98 was in use for 3477us."
