0.565760,2147491366,2020-03-03T16:43:54.253,0,"The device 2147491366 exceeded the transmission time by 0.57 second."
13.189120,2149974301,2020-03-03T16:45:24.253,0,"The device 2149974301 exceeded the transmission time by 11.19 second."
13.189120,2149974301,2020-03-03T16:47:24.254,0,"The device 2149974301 exceeded the transmission time by 11.19 second."
13.189120,2149974301,2020-03-03T16:47:27.254,0,"The device 2149974301 exceeded the transmission time by 10.19 second."
13.189120,2149974301,2020-03-03T16:48:24.254,0,"The device 2149974301 exceeded the transmission time by 11.19 second."
13.189120,2149974301,2020-03-03T16:49:24.254,0,"The device 2149974301 exceeded the transmission time by 11.19 second."
13.189120,3232366755,2020-03-03T16:50:22.254,0,"The device 3232366755 exceeded the transmission time by 0.83 second."
13.189120,3232366755,2020-03-03T16:50:24.254,0,"The device 3232366755 exceeded the transmission time by 11.19 second."
