5.657600,2149974298,2020-03-03T16:42:44.253,0,"The device 2149974298 exceeded the transmission time by 111.89 second."
18.534400,2490647,2020-03-03T16:42:55.253,0,"The device 2490647 exceeded the transmission time by 3.68 second."
6.681600,2147491366,2020-03-03T16:43:54.253,0,"The device 2147491366 exceeded the transmission time by 3.66 second."
5.657600,2147491366,2020-03-03T16:43:54.253,0,"The device 2147491366 exceeded the transmission time by 6.68 second."
5.657600,2147491366,2020-03-03T16:43:56.253,0,"The device 2147491366 exceeded the transmission time by 3.66 second."
131.891200,2149974301,2020-03-03T16:44:22.253,0,"The device 2149974301 exceeded the transmission time by 71.89 second."
131.891200,2490643,2020-03-03T16:44:29.253,0,"The device 2490643 exceeded the transmission time by 5.68 second."
6.681600,2490643,2020-03-03T16:44:37.253,0,"The device 2490643 exceeded the transmission time by 123.89 second."
131.891200,2149974301,2020-03-03T16:45:22.253,0,"The device 2149974301 exceeded the transmission time by 71.89 second."
131.891200,2149974301,2020-03-03T16:45:24.253,0,"The device 2149974301 exceeded the transmission time by 129.89 second."
131.891200,2147490267,2020-03-03T16:46:22.253,0,"The device 2147490267 exceeded the transmission time by 2.66 second."
131.891200,2147490267,2020-03-03T16:46:24.253,0,"The device 2147490267 exceeded the transmission time by 129.89 second."
5.657600,2147491618,2020-03-03T16:46:35.253,0,"The device 2147491618 exceeded the transmission time by 1.66 second."
131.891200,2149974301,2020-03-03T16:47:22.254,0,"The device 2149974301 exceeded the transmission time by 13.89 second."
131.891200,2149974301,2020-03-03T16:47:24.254,0,"The device 2149974301 exceeded the transmission time by 129.89 second."
131.891200,2149974301,2020-03-03T16:47:27.254,0,"The device 2149974301 exceeded the transmission time by 128.89 second."
37.068800,2149974301,2020-03-03T16:48:06.254,0,"The device 2149974301 exceeded the transmission time by 92.89 second."
131.891200,2149974301,2020-03-03T16:48:22.254,0,"The device 2149974301 exceeded the transmission time by 21.07 second."
131.891200,2149974301,2020-03-03T16:48:24.254,0,"The device 2149974301 exceeded the transmission time by 129.89 second."
131.891200,2149974301,2020-03-03T16:49:22.254,0,"The device 2149974301 exceeded the transmission time by 73.89 second."
131.891200,2149974301,2020-03-03T16:49:24.254,0,"The device 2149974301 exceeded the transmission time by 129.89 second."
5.145600,2490649,2020-03-03T16:49:54.254,0,"The device 2490649 exceeded the transmission time by 4.68 second."
131.891200,3232366755,2020-03-03T16:50:22.254,0,"The device 3232366755 exceeded the transmission time by 134.28 second."
131.891200,3232366755,2020-03-03T16:50:24.254,0,"The device 3232366755 exceeded the transmission time by 129.89 second."
131.891200,2158573344,2020-03-03T16:51:22.254,0,"The device 2158573344 exceeded the transmission time by 1.32 second."