1,50.000000,50.000000,150.000000,1579474620.000000,200.000000,1579474620.000000,0.000000,0.000000,0.000000,0.000000,0.000000,50.000000,1579474620.000000,50.000000,1579474620.000000,1970-01-01T00:00:00.000
2,0.000000,0.000000,50.000000,1579474620.000000,50.000000,1579474620.000000,0.000000,0.000000,0.000000,0.000000,0.000000,0.000000,0.000000,0.000000,0.000000,1970-01-01T00:00:00.000
3,0.000000,0.000000,0.000000,0.000000,0.000000,0.000000,0.000000,50.000000,50.000000,0.000000,50.000000,150.000000,1579474620.000000,250.000000,1579474620.000000,1970-01-01T00:00:00.000
5,0.000000,0.000000,0.000000,0.000000,0.000000,0.000000,50.000000,0.000000,0.000000,0.000000,0.000000,0.000000,0.000000,0.000000,0.000000,1970-01-01T00:00:00.000
