50.000000,50.000000,150.000000,50.000000,50.000000,50.000000,3779409011,0.000000,50.000000,50.000000,50.000000,150.000000,50.000000,200.000000,1970-01-01T00:00:00.000,300.000000
