1521568199,"2601101B","000A"
1504710453,"260113EC","76F5"
