66099889,2017-09-06T20:00:36.000,0,"Replay attack has been detected for the device 66099889","01A0"
