76099889,2017-09-08T05:11:09.000,0,"Replay attack has been detected for the device 76099889","0009"
26099889,2017-09-09T04:05:33.000,0,"Replay attack has been detected for the device 26099889","001C"
66099889,2017-09-09T14:36:51.000,0,"Replay attack has been detected for the device 66099889","1056"
