2490654,2020-03-03T16:47:33.253,0,5,"Replay attack has been detected for the device 2490654"
