52.200000,1112,23.200000,2018-04-04T10:47:26.000,7,"The device 1112 exceeded the grow up limit with value 2.250000","moving_average","rxBytes"
588.700000,1112,168.200000,2018-04-04T10:47:26.000,7,"The device 1112 exceeded the grow up limit with value 3.500000","moving_variance","rxBytes"
58.000000,1112,23.200000,2018-04-04T10:47:31.000,7,"The device 1112 exceeded the grow up limit with value 2.500000","moving_average","rxBytes"
420.500000,1112,168.200000,2018-04-04T10:47:31.000,7,"The device 1112 exceeded the grow up limit with value 2.500000","moving_variance","rxBytes"
63.800000,1112,23.200000,2018-04-04T10:47:36.000,7,"The device 1112 exceeded the grow up limit with value 2.750000","moving_average","rxBytes"
69.600000,1112,23.200000,2018-04-04T10:47:41.000,7,"The device 1112 exceeded the grow up limit with value 3.000000","moving_average","rxBytes"
69.600000,1112,23.200000,2018-04-04T10:47:46.000,7,"The device 1112 exceeded the grow up limit with value 3.000000","moving_average","rxBytes"
63.800000,1112,23.200000,2018-04-04T10:47:51.000,7,"The device 1112 exceeded the grow up limit with value 2.750000","moving_average","rxBytes"
63.800000,1112,23.200000,2018-04-04T10:47:56.000,7,"The device 1112 exceeded the grow up limit with value 2.750000","moving_average","rxBytes"
44.949999,1112,21.749999,2018-04-04T10:48:01.000,7,"The device 1112 exceeded the grow up limit with value 2.066667","average","rxBytes"
69.600000,1112,23.200000,2018-04-04T10:48:01.000,7,"The device 1112 exceeded the grow up limit with value 3.000000","moving_average","rxBytes"
