11745387828182253569,1522791144.000000,3.788785,2.901781,"Lower hard limit","moving_variance","VALUE"
11745387828182253569,1522791174.000000,25.803411,2.901781,"Higher hard limit","moving_variance","VALUE"
11745387828182253569,1522791179.000000,12.921496,6.518628,"Higher hard limit","moving_median","VALUE"
11745387828182253569,1522791184.000000,13.584772,6.518628,"Higher hard limit","moving_median","VALUE"
11745387828182253569,1522791184.000000,26.223854,2.901781,"Higher hard limit","moving_variance","VALUE"
11745387828182253569,1522791189.000000,12.921496,6.518628,"Higher hard limit","moving_median","VALUE"
11745387828182253569,1522791189.000000,36.037678,2.901781,"Higher hard limit","moving_variance","VALUE"
11745387828182253569,1522791194.000000,12.921496,6.518628,"Higher hard limit","moving_median","VALUE"
11745387828182253569,1522791194.000000,28.430765,2.901781,"Higher soft limit","moving_variance","VALUE"
11745387828182253569,1522791194.000000,28.430765,2.901781,"Higher hard limit","moving_variance","VALUE"
11745387828182253569,1522791199.000000,12.921496,6.518628,"Higher hard limit","moving_median","VALUE"
11745387828182253569,1522791199.000000,21.784431,2.901781,"Higher soft limit","moving_variance","VALUE"
11745387828182253569,1522791204.000000,12.466414,6.518628,"Higher soft limit","moving_median","VALUE"
11745387828182253569,1522791204.000000,12.466414,6.518628,"Higher hard limit","moving_median","VALUE"
11745387828182253569,1522791204.000000,21.031535,2.901781,"Higher soft limit","moving_variance","VALUE"
11745387828182253569,1522791209.000000,10.658162,6.518628,"Higher soft limit","moving_median","VALUE"
11745387828182253569,1522791209.000000,18.328695,2.901781,"Higher soft limit","moving_variance","VALUE"
11745387828182253569,1522791214.000000,10.658162,6.518628,"Higher soft limit","moving_median","VALUE"
11745387828182253569,1522791214.000000,20.349419,2.901781,"Higher soft limit","moving_variance","VALUE"
11745387828182253569,1522791219.000000,23.108840,2.901781,"Higher soft limit","moving_variance","VALUE"
11745387828182253569,1522791224.000000,19.135343,2.901781,"Higher soft limit","moving_variance","VALUE"
11745387828182253569,1522791329.000000,4.813933,2.901781,"Lower hard limit","moving_variance","VALUE"
11745387828182253569,1522791334.000000,3.340707,2.901781,"Lower hard limit","moving_variance","VALUE"
11745387828182253569,1522791339.000000,1.449690,2.901781,"Lower hard limit","moving_variance","VALUE"
11745387828182253569,1522791344.000000,2.718344,2.901781,"Lower hard limit","moving_variance","VALUE"
11745387828182253569,1522791349.000000,2.862515,2.901781,"Lower hard limit","moving_variance","VALUE"
11745387828182253569,1522791354.000000,3.028274,6.518628,"Lower soft limit","moving_median","VALUE"
11745387828182253569,1522791354.000000,4.918185,2.901781,"Lower soft limit","moving_variance","VALUE"
11745387828182253569,1522791354.000000,4.918185,2.901781,"Lower hard limit","moving_variance","VALUE"
11745387828182253569,1522791359.000000,6.509292,2.901781,"Lower soft limit","moving_variance","VALUE"
11745387828182253569,1522791364.000000,7.299333,2.901781,"Lower soft limit","moving_variance","VALUE"
