1114,1523091002.000000,125.066667,0.500000,"Higher grow limit","moving_variance","SOFCount"
1114,1523091007.000000,12.400000,1.500000,"Higher grow limit","moving_average","SOFCount"
1114,1523091007.000000,576.266667,0.500000,"Higher grow limit","moving_variance","SOFCount"
1114,1523091012.000000,8.153848,1.500000,"Higher grow limit","average","SOFCount"
1114,1523091012.000000,18.700000,1.500000,"Higher grow limit","moving_average","SOFCount"
1114,1523091012.000000,827.566667,0.500000,"Higher grow limit","moving_variance","SOFCount"
1114,1523091017.000000,9.592594,1.500000,"Higher grow limit","average","SOFCount"
1114,1523091017.000000,23.200000,1.500000,"Higher grow limit","moving_average","SOFCount"
1114,1523091017.000000,863.066667,0.500000,"Higher grow limit","moving_variance","SOFCount"
1114,1523091022.000000,11.500001,1.500000,"Higher grow limit","average","SOFCount"
1114,1523091022.000000,29.400000,1.500000,"Higher grow limit","moving_average","SOFCount"
1114,1523091022.000000,19.500000,2.000000,"Higher grow limit","moving_median","SOFCount"
1114,1523091022.000000,941.600000,0.500000,"Higher grow limit","moving_variance","SOFCount"
1114,1523091027.000000,12.931035,1.500000,"Higher grow limit","average","SOFCount"
1114,1523091027.000000,34.500000,1.500000,"Higher grow limit","moving_average","SOFCount"
1114,1523091027.000000,42.000000,2.000000,"Higher grow limit","moving_median","SOFCount"
1114,1523091027.000000,891.166667,0.500000,"Higher grow limit","moving_variance","SOFCount"
1114,1523091032.000000,14.433334,1.500000,"Higher grow limit","average","SOFCount"
1114,1523091032.000000,40.100000,1.500000,"Higher grow limit","moving_average","SOFCount"
1114,1523091032.000000,50.000000,2.000000,"Higher grow limit","moving_median","SOFCount"
1114,1523091032.000000,800.322222,0.500000,"Higher grow limit","moving_variance","SOFCount"
1114,1523091037.000000,15.290323,1.500000,"Higher grow limit","average","SOFCount"
1114,1523091037.000000,44.100000,1.500000,"Higher grow limit","moving_average","SOFCount"
1114,1523091037.000000,50.000000,2.000000,"Higher grow limit","moving_median","SOFCount"
1114,1523091037.000000,612.766667,0.500000,"Higher grow limit","moving_variance","SOFCount"
1114,1523091042.000000,16.000000,1.500000,"Higher grow limit","average","SOFCount"
1114,1523091042.000000,47.700000,1.500000,"Higher grow limit","moving_average","SOFCount"
1114,1523091042.000000,50.000000,2.000000,"Higher grow limit","moving_median","SOFCount"
1114,1523091042.000000,405.566667,0.500000,"Higher grow limit","moving_variance","SOFCount"
1114,1523091047.000000,16.303030,1.500000,"Higher grow limit","average","SOFCount"
1114,1523091047.000000,50.100000,1.500000,"Higher grow limit","moving_average","SOFCount"
1114,1523091047.000000,50.000000,2.000000,"Higher grow limit","moving_median","SOFCount"
1114,1523091047.000000,219.433333,0.500000,"Higher grow limit","moving_variance","SOFCount"
1114,1523091052.000000,17.147059,1.500000,"Higher grow limit","average","SOFCount"
1114,1523091052.000000,50.900000,1.500000,"Higher grow limit","moving_average","SOFCount"
1114,1523091052.000000,50.000000,2.000000,"Higher grow limit","moving_median","SOFCount"
1114,1523091052.000000,202.544444,0.500000,"Higher grow limit","moving_variance","SOFCount"
1114,1523091057.000000,18.257143,1.500000,"Higher grow limit","average","SOFCount"
1114,1523091057.000000,49.200000,1.500000,"Higher grow limit","moving_average","SOFCount"
1114,1523091057.000000,50.000000,2.000000,"Higher grow limit","moving_median","SOFCount"
1114,1523091057.000000,147.955556,0.500000,"Higher grow limit","moving_variance","SOFCount"
1114,1523091062.000000,19.472222,1.500000,"Higher grow limit","average","SOFCount"
1114,1523091062.000000,48.900000,1.500000,"Higher grow limit","moving_average","SOFCount"
1114,1523091062.000000,50.000000,2.000000,"Higher grow limit","moving_median","SOFCount"
1114,1523091062.000000,138.322222,0.500000,"Higher grow limit","moving_variance","SOFCount"
1114,1523091067.000000,20.081081,1.500000,"Higher grow limit","average","SOFCount"
1114,1523091067.000000,48.400000,1.500000,"Higher grow limit","moving_average","SOFCount"
1114,1523091067.000000,49.000000,2.000000,"Higher grow limit","moving_median","SOFCount"
1114,1523091067.000000,142.933333,0.500000,"Higher grow limit","moving_variance","SOFCount"
1114,1523091072.000000,20.789474,1.500000,"Higher grow limit","average","SOFCount"
1114,1523091072.000000,46.800000,1.500000,"Higher grow limit","moving_average","SOFCount"
1114,1523091072.000000,46.000000,2.000000,"Higher grow limit","moving_median","SOFCount"
1114,1523091072.000000,116.622222,0.500000,"Higher grow limit","moving_variance","SOFCount"
1114,1523091077.000000,21.487180,1.500000,"Higher grow limit","average","SOFCount"
1114,1523091077.000000,46.300000,1.500000,"Higher grow limit","moving_average","SOFCount"
1114,1523091077.000000,46.000000,2.000000,"Higher grow limit","moving_median","SOFCount"
1114,1523091077.000000,112.233333,0.500000,"Higher grow limit","moving_variance","SOFCount"
1114,1523091082.000000,22.725001,1.500000,"Higher grow limit","average","SOFCount"
1114,1523091082.000000,47.600000,1.500000,"Higher grow limit","moving_average","SOFCount"
1114,1523091082.000000,46.000000,2.000000,"Higher grow limit","moving_median","SOFCount"
1114,1523091082.000000,162.933333,0.500000,"Higher grow limit","moving_variance","SOFCount"
1114,1523091087.000000,23.048781,1.500000,"Higher grow limit","average","SOFCount"
1114,1523091087.000000,47.100000,1.500000,"Higher grow limit","moving_average","SOFCount"
1114,1523091087.000000,46.000000,2.000000,"Higher grow limit","moving_median","SOFCount"
1114,1523091087.000000,172.766667,0.500000,"Higher grow limit","moving_variance","SOFCount"
1114,1523091092.000000,22.904762,1.500000,"Higher grow limit","average","SOFCount"
1114,1523091092.000000,45.000000,1.500000,"Higher grow limit","moving_average","SOFCount"
1114,1523091092.000000,46.000000,2.000000,"Higher grow limit","moving_median","SOFCount"
1114,1523091092.000000,259.333333,0.500000,"Higher grow limit","moving_variance","SOFCount"
1114,1523091097.000000,22.395349,1.500000,"Higher grow limit","average","SOFCount"
1114,1523091097.000000,42.500000,1.500000,"Higher grow limit","moving_average","SOFCount"
1114,1523091097.000000,46.000000,2.000000,"Higher grow limit","moving_median","SOFCount"
1114,1523091097.000000,427.388889,0.500000,"Higher grow limit","moving_variance","SOFCount"
1114,1523091102.000000,21.931818,1.500000,"Higher grow limit","average","SOFCount"
1114,1523091102.000000,38.200000,1.500000,"Higher grow limit","moving_average","SOFCount"
1114,1523091102.000000,44.500000,2.000000,"Higher grow limit","moving_median","SOFCount"
1114,1523091102.000000,588.400000,0.500000,"Higher grow limit","moving_variance","SOFCount"
1114,1523091107.000000,21.466666,1.500000,"Higher grow limit","average","SOFCount"
1114,1523091107.000000,32.700000,1.500000,"Higher grow limit","moving_average","SOFCount"
1114,1523091107.000000,39.000000,2.000000,"Higher grow limit","moving_median","SOFCount"
1114,1523091107.000000,673.344444,0.500000,"Higher grow limit","moving_variance","SOFCount"
1114,1523091112.000000,21.043478,1.500000,"Higher grow limit","average","SOFCount"
1114,1523091112.000000,26.700000,1.500000,"Higher grow limit","moving_average","SOFCount"
1114,1523091112.000000,26.500000,2.000000,"Higher grow limit","moving_median","SOFCount"
1114,1523091112.000000,642.677778,0.500000,"Higher grow limit","moving_variance","SOFCount"
1114,1523091117.000000,20.638298,1.500000,"Higher grow limit","average","SOFCount"
1114,1523091117.000000,22.700000,1.500000,"Higher grow limit","moving_average","SOFCount"
1114,1523091117.000000,666.677778,0.500000,"Higher grow limit","moving_variance","SOFCount"
1114,1523091122.000000,20.229167,1.500000,"Higher grow limit","average","SOFCount"
1114,1523091122.000000,18.100000,1.500000,"Higher grow limit","moving_average","SOFCount"
1114,1523091122.000000,629.877778,0.500000,"Higher grow limit","moving_variance","SOFCount"
1114,1523091127.000000,19.857143,1.500000,"Higher grow limit","average","SOFCount"
1114,1523091127.000000,13.500000,1.500000,"Higher grow limit","moving_average","SOFCount"
1114,1523091127.000000,535.833333,0.500000,"Higher grow limit","moving_variance","SOFCount"
1114,1523091132.000000,19.500000,1.500000,"Higher grow limit","average","SOFCount"
1114,1523091132.000000,130.266667,0.500000,"Higher grow limit","moving_variance","SOFCount"
1114,1523091137.000000,19.137255,1.500000,"Higher grow limit","average","SOFCount"
1114,1523091137.000000,24.100000,0.500000,"Higher grow limit","moving_variance","SOFCount"
1114,1523091142.000000,18.807692,1.500000,"Higher grow limit","average","SOFCount"
1114,1523091147.000000,18.490566,1.500000,"Higher grow limit","average","SOFCount"
1114,1523091152.000000,18.166667,1.500000,"Higher grow limit","average","SOFCount"
1114,1523091157.000000,17.872728,1.500000,"Higher grow limit","average","SOFCount"
1114,1523091162.000000,17.571429,1.500000,"Higher grow limit","average","SOFCount"
1114,1523091167.000000,17.298246,1.500000,"Higher grow limit","average","SOFCount"
1114,1523091172.000000,17.034483,1.500000,"Higher grow limit","average","SOFCount"
1114,1523091177.000000,16.762712,1.500000,"Higher grow limit","average","SOFCount"
1114,1523091182.000000,16.516667,1.500000,"Higher grow limit","average","SOFCount"
1114,1523091187.000000,16.278689,1.500000,"Higher grow limit","average","SOFCount"
1114,1523091192.000000,16.032259,1.500000,"Higher grow limit","average","SOFCount"
1114,1523091197.000000,15.809525,1.500000,"Higher grow limit","average","SOFCount"
1114,1523091202.000000,15.578126,1.500000,"Higher grow limit","average","SOFCount"
1114,1523091207.000000,15.369232,1.500000,"Higher grow limit","average","SOFCount"
1114,1523091212.000000,15.166668,1.500000,"Higher grow limit","average","SOFCount"
1114,1523091217.000000,14.955225,1.500000,"Higher grow limit","average","SOFCount"
1114,1523091222.000000,14.764707,1.500000,"Higher grow limit","average","SOFCount"
1114,1523091227.000000,14.579711,1.500000,"Higher grow limit","average","SOFCount"
1114,1523091232.000000,14.385715,1.500000,"Higher grow limit","average","SOFCount"
1114,1523091237.000000,14.211268,1.500000,"Higher grow limit","average","SOFCount"
1114,1523091242.000000,14.041667,1.500000,"Higher grow limit","average","SOFCount"
1114,1523091247.000000,13.863014,1.500000,"Higher grow limit","average","SOFCount"
1114,1523091252.000000,13.702703,1.500000,"Higher grow limit","average","SOFCount"
1114,1523091257.000000,13.546667,1.500000,"Higher grow limit","average","SOFCount"
1114,1523091262.000000,13.381579,1.500000,"Higher grow limit","average","SOFCount"
1114,1523091267.000000,13.233766,1.500000,"Higher grow limit","average","SOFCount"
1114,1523091272.000000,13.076923,1.500000,"Higher grow limit","average","SOFCount"
1114,1523091277.000000,12.936709,1.500000,"Higher grow limit","average","SOFCount"
1114,1523091282.000000,12.800000,1.500000,"Higher grow limit","average","SOFCount"
1114,1523091287.000000,12.654321,1.500000,"Higher grow limit","average","SOFCount"
1114,1523091292.000000,12.524390,1.500000,"Higher grow limit","average","SOFCount"
1114,1523091297.000000,12.397590,1.500000,"Higher grow limit","average","SOFCount"
1114,1523091302.000000,12.261904,1.500000,"Higher grow limit","average","SOFCount"
1114,1523091307.000000,12.141176,1.500000,"Higher grow limit","average","SOFCount"
1114,1523091312.000000,12.023255,1.500000,"Higher grow limit","average","SOFCount"
1114,1523091317.000000,11.896551,1.500000,"Higher grow limit","average","SOFCount"
1114,1523091322.000000,11.784090,1.500000,"Higher grow limit","average","SOFCount"
1114,1523091327.000000,11.674156,1.500000,"Higher grow limit","average","SOFCount"
1114,1523091332.000000,11.566665,1.500000,"Higher grow limit","average","SOFCount"
1114,1523091337.000000,12.428570,1.500000,"Higher grow limit","average","SOFCount"
1114,1523091337.000000,10.600000,1.500000,"Higher grow limit","moving_average","SOFCount"
1114,1523091337.000000,778.488889,0.500000,"Higher grow limit","moving_variance","SOFCount"
1114,1523091342.000000,13.086955,1.500000,"Higher grow limit","average","SOFCount"
1114,1523091342.000000,17.700000,1.500000,"Higher grow limit","moving_average","SOFCount"
1114,1523091342.000000,1146.900000,0.500000,"Higher grow limit","moving_variance","SOFCount"
1114,1523091347.000000,13.838708,1.500000,"Higher grow limit","average","SOFCount"
1114,1523091347.000000,25.800000,1.500000,"Higher grow limit","moving_average","SOFCount"
1114,1523091347.000000,1520.400000,0.500000,"Higher grow limit","moving_variance","SOFCount"
1114,1523091352.000000,14.553190,1.500000,"Higher grow limit","average","SOFCount"
1114,1523091352.000000,33.800000,1.500000,"Higher grow limit","moving_average","SOFCount"
1114,1523091352.000000,1719.511111,0.500000,"Higher grow limit","moving_variance","SOFCount"
1114,1523091357.000000,14.978946,1.500000,"Higher grow limit","average","SOFCount"
1114,1523091357.000000,39.100000,1.500000,"Higher grow limit","moving_average","SOFCount"
1114,1523091357.000000,28.500000,2.000000,"Higher grow limit","moving_median","SOFCount"
1114,1523091357.000000,1625.877778,0.500000,"Higher grow limit","moving_variance","SOFCount"
1114,1523091362.000000,15.489582,1.500000,"Higher grow limit","average","SOFCount"
1114,1523091362.000000,45.300000,1.500000,"Higher grow limit","moving_average","SOFCount"
1114,1523091362.000000,59.500000,2.000000,"Higher grow limit","moving_median","SOFCount"
1114,1523091362.000000,1499.122222,0.500000,"Higher grow limit","moving_variance","SOFCount"
1114,1523091367.000000,15.515463,1.500000,"Higher grow limit","average","SOFCount"
1114,1523091367.000000,47.000000,1.500000,"Higher grow limit","moving_average","SOFCount"
1114,1523091367.000000,59.500000,2.000000,"Higher grow limit","moving_median","SOFCount"
1114,1523091367.000000,1360.666667,0.500000,"Higher grow limit","moving_variance","SOFCount"
1114,1523091372.000000,15.377550,1.500000,"Higher grow limit","average","SOFCount"
1114,1523091372.000000,47.000000,1.500000,"Higher grow limit","moving_average","SOFCount"
1114,1523091372.000000,59.500000,2.000000,"Higher grow limit","moving_median","SOFCount"
1114,1523091372.000000,1360.666667,0.500000,"Higher grow limit","moving_variance","SOFCount"
1114,1523091377.000000,15.232322,1.500000,"Higher grow limit","average","SOFCount"
1114,1523091377.000000,46.900000,1.500000,"Higher grow limit","moving_average","SOFCount"
1114,1523091377.000000,59.500000,2.000000,"Higher grow limit","moving_median","SOFCount"
1114,1523091377.000000,1370.766667,0.500000,"Higher grow limit","moving_variance","SOFCount"
1114,1523091382.000000,15.099999,1.500000,"Higher grow limit","average","SOFCount"
1114,1523091382.000000,46.900000,1.500000,"Higher grow limit","moving_average","SOFCount"
1114,1523091382.000000,59.500000,2.000000,"Higher grow limit","moving_median","SOFCount"
1114,1523091382.000000,1370.766667,0.500000,"Higher grow limit","moving_variance","SOFCount"
1114,1523091387.000000,14.970296,1.500000,"Higher grow limit","average","SOFCount"
1114,1523091387.000000,38.100000,1.500000,"Higher grow limit","moving_average","SOFCount"
1114,1523091387.000000,36.500000,2.000000,"Higher grow limit","moving_median","SOFCount"
1114,1523091387.000000,1302.322222,0.500000,"Higher grow limit","moving_variance","SOFCount"
1114,1523091392.000000,14.833332,1.500000,"Higher grow limit","average","SOFCount"
1114,1523091392.000000,30.900000,1.500000,"Higher grow limit","moving_average","SOFCount"
1114,1523091392.000000,1262.322222,0.500000,"Higher grow limit","moving_variance","SOFCount"
1114,1523091397.000000,14.708737,1.500000,"Higher grow limit","average","SOFCount"
1114,1523091397.000000,22.800000,1.500000,"Higher grow limit","moving_average","SOFCount"
1114,1523091397.000000,980.622222,0.500000,"Higher grow limit","moving_variance","SOFCount"
1114,1523091402.000000,14.586538,1.500000,"Higher grow limit","average","SOFCount"
1114,1523091402.000000,14.900000,1.500000,"Higher grow limit","moving_average","SOFCount"
1114,1523091402.000000,582.988889,0.500000,"Higher grow limit","moving_variance","SOFCount"
1114,1523091407.000000,14.457142,1.500000,"Higher grow limit","average","SOFCount"
1114,1523091407.000000,9.500000,1.500000,"Higher grow limit","moving_average","SOFCount"
1114,1523091407.000000,393.388889,0.500000,"Higher grow limit","moving_variance","SOFCount"
1114,1523091412.000000,14.339622,1.500000,"Higher grow limit","average","SOFCount"
1114,1523091412.000000,26.900000,0.500000,"Higher grow limit","moving_variance","SOFCount"
1114,1523091417.000000,14.214953,1.500000,"Higher grow limit","average","SOFCount"
1114,1523091422.000000,14.101852,1.500000,"Higher grow limit","average","SOFCount"
1114,1523091427.000000,13.990826,1.500000,"Higher grow limit","average","SOFCount"
1114,1523091432.000000,13.872728,1.500000,"Higher grow limit","average","SOFCount"
1114,1523091437.000000,13.765766,1.500000,"Higher grow limit","average","SOFCount"
1114,1523091442.000000,13.660715,1.500000,"Higher grow limit","average","SOFCount"
1114,1523091447.000000,13.548673,1.500000,"Higher grow limit","average","SOFCount"
1114,1523091452.000000,13.447369,1.500000,"Higher grow limit","average","SOFCount"
