2,1522941531.000000,0.071429,0.000000,"Lower grow limit","average","receivedCount"
2,1522941531.000000,0.100000,0.000000,"Lower grow limit","moving_average","receivedCount"
2,1522941531.000000,0.100000,0.000000,"Lower grow limit","moving_variance","receivedCount"
2,1522941536.000000,0.066667,0.000000,"Lower grow limit","average","receivedCount"
2,1522941536.000000,0.100000,0.000000,"Lower grow limit","moving_average","receivedCount"
2,1522941536.000000,0.100000,0.000000,"Lower grow limit","moving_variance","receivedCount"
2,1522941541.000000,0.062500,0.000000,"Lower grow limit","average","receivedCount"
2,1522941541.000000,0.100000,0.000000,"Lower grow limit","moving_average","receivedCount"
2,1522941541.000000,0.100000,0.000000,"Lower grow limit","moving_variance","receivedCount"
2,1522941546.000000,0.058824,0.000000,"Lower grow limit","average","receivedCount"
2,1522941546.000000,0.100000,0.000000,"Lower grow limit","moving_average","receivedCount"
2,1522941546.000000,0.100000,0.000000,"Lower grow limit","moving_variance","receivedCount"
2,1522941551.000000,0.055556,0.000000,"Lower grow limit","average","receivedCount"
2,1522941551.000000,0.100000,0.000000,"Lower grow limit","moving_average","receivedCount"
2,1522941551.000000,0.100000,0.000000,"Lower grow limit","moving_variance","receivedCount"
2,1522941556.000000,0.052632,0.000000,"Lower grow limit","average","receivedCount"
2,1522941556.000000,0.100000,0.000000,"Lower grow limit","moving_average","receivedCount"
2,1522941556.000000,0.100000,0.000000,"Lower grow limit","moving_variance","receivedCount"
2,1522941561.000000,0.050000,0.000000,"Lower grow limit","average","receivedCount"
2,1522941561.000000,0.100000,0.000000,"Lower grow limit","moving_average","receivedCount"
2,1522941561.000000,0.100000,0.000000,"Lower grow limit","moving_variance","receivedCount"
2,1522941566.000000,0.047619,0.000000,"Lower grow limit","average","receivedCount"
2,1522941566.000000,0.100000,0.000000,"Lower grow limit","moving_average","receivedCount"
2,1522941566.000000,0.100000,0.000000,"Lower grow limit","moving_variance","receivedCount"
2,1522941571.000000,0.045455,0.000000,"Lower grow limit","average","receivedCount"
2,1522941571.000000,0.100000,0.000000,"Lower grow limit","moving_average","receivedCount"
2,1522941571.000000,0.100000,0.000000,"Lower grow limit","moving_variance","receivedCount"
2,1522941576.000000,0.173913,0.000000,"Lower grow limit","average","receivedCount"
2,1522941586.000000,8.900000,0.000000,"Higher grow limit","moving_variance","receivedCount"
2,1522941591.000000,8.666667,0.000000,"Higher grow limit","moving_variance","receivedCount"
2,1522941596.000000,8.666667,0.000000,"Higher grow limit","moving_variance","receivedCount"
2,1522941601.000000,8.666667,0.000000,"Higher grow limit","moving_variance","receivedCount"
2,1522941606.000000,8.666667,0.000000,"Higher grow limit","moving_variance","receivedCount"
2,1522941611.000000,8.666667,0.000000,"Higher grow limit","moving_variance","receivedCount"
1113,1522941616.000000,23.000000,0.000000,"Higher hard limit","moving_median","dropped"
2,1522941616.000000,8.666667,0.000000,"Higher grow limit","moving_variance","receivedCount"
2,1522941621.000000,8.666667,0.000000,"Higher grow limit","moving_variance","receivedCount"
2,1522941626.000000,8.900000,0.000000,"Higher grow limit","moving_variance","receivedCount"
2,1522941631.000000,6.622222,0.000000,"Higher grow limit","moving_variance","receivedCount"
2,1522941681.000000,87.000000,36.000000,"Higher grow limit","moving_average","lastResponseRTT"
2,1522941686.000000,107.000000,36.000000,"Higher grow limit","moving_average","lastResponseRTT"
2,1522941691.000000,105.200000,36.000000,"Higher grow limit","moving_average","lastResponseRTT"
2,1522941696.000000,98.400000,36.000000,"Higher grow limit","moving_average","lastResponseRTT"
2,1522941701.000000,87.600000,36.000000,"Higher grow limit","moving_average","lastResponseRTT"
