1111,1522780604.000000,139.600000,0.266667,"Higher grow limit","moving_variance","SOFCount"
1111,1522780609.000000,9.200000,1.600000,"Higher grow limit","moving_average","SOFCount"
1111,1522780609.000000,246.844444,0.266667,"Higher grow limit","moving_variance","SOFCount"
1111,1522780614.000000,8.588235,1.500000,"Higher grow limit","average","SOFCount"
1111,1522780614.000000,13.600000,1.600000,"Higher grow limit","moving_average","SOFCount"
1111,1522780614.000000,370.044444,0.266667,"Higher grow limit","moving_variance","SOFCount"
1111,1522780619.000000,10.277777,1.500000,"Higher grow limit","average","SOFCount"
1111,1522780619.000000,17.300000,1.600000,"Higher grow limit","moving_average","SOFCount"
1111,1522780619.000000,411.566667,0.266667,"Higher grow limit","moving_variance","SOFCount"
1111,1522780624.000000,11.631578,1.500000,"Higher grow limit","average","SOFCount"
1111,1522780624.000000,20.800000,1.600000,"Higher grow limit","moving_average","SOFCount"
1111,1522780624.000000,19.000000,2.000000,"Higher grow limit","moving_median","SOFCount"
1111,1522780624.000000,407.288889,0.266667,"Higher grow limit","moving_variance","SOFCount"
1111,1522780629.000000,13.849999,1.500000,"Higher grow limit","average","SOFCount"
1111,1522780629.000000,26.200000,1.600000,"Higher grow limit","moving_average","SOFCount"
1111,1522780629.000000,37.500000,2.000000,"Higher grow limit","moving_median","SOFCount"
1111,1522780629.000000,473.288889,0.266667,"Higher grow limit","moving_variance","SOFCount"
1111,1522780634.000000,15.333332,1.500000,"Higher grow limit","average","SOFCount"
1111,1522780634.000000,30.500000,1.600000,"Higher grow limit","moving_average","SOFCount"
1111,1522780634.000000,39.000000,2.000000,"Higher grow limit","moving_median","SOFCount"
1111,1522780634.000000,426.944444,0.266667,"Higher grow limit","moving_variance","SOFCount"
1111,1522780639.000000,16.045453,1.500000,"Higher grow limit","average","SOFCount"
1111,1522780639.000000,33.500000,1.600000,"Higher grow limit","moving_average","SOFCount"
1111,1522780639.000000,39.000000,2.000000,"Higher grow limit","moving_median","SOFCount"
1111,1522780639.000000,320.277778,0.266667,"Higher grow limit","moving_variance","SOFCount"
1111,1522780644.000000,15.956520,1.500000,"Higher grow limit","average","SOFCount"
1111,1522780644.000000,34.700000,1.600000,"Higher grow limit","moving_average","SOFCount"
1111,1522780644.000000,39.000000,2.000000,"Higher grow limit","moving_median","SOFCount"
1111,1522780644.000000,250.677778,0.266667,"Higher grow limit","moving_variance","SOFCount"
1111,1522780649.000000,16.041665,1.500000,"Higher grow limit","average","SOFCount"
1111,1522780649.000000,36.300000,1.600000,"Higher grow limit","moving_average","SOFCount"
1111,1522780649.000000,39.000000,2.000000,"Higher grow limit","moving_median","SOFCount"
1111,1522780649.000000,160.011111,0.266667,"Higher grow limit","moving_variance","SOFCount"
1111,1522780654.000000,15.479998,1.500000,"Higher grow limit","average","SOFCount"
1111,1522780654.000000,32.600000,1.600000,"Higher grow limit","moving_average","SOFCount"
1111,1522780654.000000,37.500000,2.000000,"Higher grow limit","moving_median","SOFCount"
1111,1522780654.000000,274.711111,0.266667,"Higher grow limit","moving_variance","SOFCount"
1111,1522780659.000000,14.923075,1.500000,"Higher grow limit","average","SOFCount"
1111,1522780659.000000,28.800000,1.600000,"Higher grow limit","moving_average","SOFCount"
1111,1522780659.000000,33.500000,2.000000,"Higher grow limit","moving_median","SOFCount"
1111,1522780659.000000,365.066667,0.266667,"Higher grow limit","moving_variance","SOFCount"
1111,1522780664.000000,14.444443,1.500000,"Higher grow limit","average","SOFCount"
1111,1522780664.000000,24.400000,1.600000,"Higher grow limit","moving_average","SOFCount"
1111,1522780664.000000,24.500000,2.000000,"Higher grow limit","moving_median","SOFCount"
1111,1522780664.000000,390.488889,0.266667,"Higher grow limit","moving_variance","SOFCount"
1111,1522780669.000000,13.999999,1.500000,"Higher grow limit","average","SOFCount"
1111,1522780669.000000,20.700000,1.600000,"Higher grow limit","moving_average","SOFCount"
1111,1522780669.000000,16.000000,2.000000,"Higher grow limit","moving_median","SOFCount"
1111,1522780669.000000,407.344444,0.266667,"Higher grow limit","moving_variance","SOFCount"
1111,1522780674.000000,13.551723,1.500000,"Higher grow limit","average","SOFCount"
1111,1522780674.000000,17.200000,1.600000,"Higher grow limit","moving_average","SOFCount"
1111,1522780674.000000,410.844444,0.266667,"Higher grow limit","moving_variance","SOFCount"
1111,1522780679.000000,13.166666,1.500000,"Higher grow limit","average","SOFCount"
1111,1522780679.000000,11.800000,1.600000,"Higher grow limit","moving_average","SOFCount"
1111,1522780679.000000,236.844444,0.266667,"Higher grow limit","moving_variance","SOFCount"
1111,1522780684.000000,12.806451,1.500000,"Higher grow limit","average","SOFCount"
1111,1522780684.000000,104.500000,0.266667,"Higher grow limit","moving_variance","SOFCount"
1111,1522780689.000000,12.437499,1.500000,"Higher grow limit","average","SOFCount"
1111,1522780689.000000,37.833333,0.266667,"Higher grow limit","moving_variance","SOFCount"
1111,1522780694.000000,12.121211,1.500000,"Higher grow limit","average","SOFCount"
1111,1522780694.000000,26.900000,0.266667,"Higher grow limit","moving_variance","SOFCount"
1111,1522780699.000000,11.823528,1.500000,"Higher grow limit","average","SOFCount"
1111,1522780704.000000,11.542856,1.500000,"Higher grow limit","average","SOFCount"
1111,1522780709.000000,11.249999,1.500000,"Higher grow limit","average","SOFCount"
1111,1522780714.000000,10.999999,1.500000,"Higher grow limit","average","SOFCount"
1111,1522780719.000000,11.421052,1.500000,"Higher grow limit","average","SOFCount"
1111,1522780719.000000,64.400000,0.266667,"Higher grow limit","moving_variance","SOFCount"
1111,1522780724.000000,12.128205,1.500000,"Higher grow limit","average","SOFCount"
1111,1522780724.000000,181.777778,0.266667,"Higher grow limit","moving_variance","SOFCount"
1111,1522780729.000000,12.700000,1.500000,"Higher grow limit","average","SOFCount"
1111,1522780729.000000,11.300000,1.600000,"Higher grow limit","moving_average","SOFCount"
1111,1522780729.000000,246.677778,0.266667,"Higher grow limit","moving_variance","SOFCount"
1111,1522780734.000000,13.731707,1.500000,"Higher grow limit","average","SOFCount"
1111,1522780734.000000,16.600000,1.600000,"Higher grow limit","moving_average","SOFCount"
1111,1522780734.000000,418.044444,0.266667,"Higher grow limit","moving_variance","SOFCount"
1111,1522780739.000000,13.642857,1.500000,"Higher grow limit","average","SOFCount"
1111,1522780739.000000,17.500000,1.600000,"Higher grow limit","moving_average","SOFCount"
1111,1522780739.000000,394.944444,0.266667,"Higher grow limit","moving_variance","SOFCount"
1111,1522780744.000000,13.372093,1.500000,"Higher grow limit","average","SOFCount"
1111,1522780744.000000,17.500000,1.600000,"Higher grow limit","moving_average","SOFCount"
1111,1522780744.000000,394.944444,0.266667,"Higher grow limit","moving_variance","SOFCount"
1111,1522780749.000000,13.090909,1.500000,"Higher grow limit","average","SOFCount"
1111,1522780749.000000,17.400000,1.600000,"Higher grow limit","moving_average","SOFCount"
1111,1522780749.000000,398.488889,0.266667,"Higher grow limit","moving_variance","SOFCount"
1111,1522780754.000000,12.844444,1.500000,"Higher grow limit","average","SOFCount"
1111,1522780754.000000,17.400000,1.600000,"Higher grow limit","moving_average","SOFCount"
1111,1522780754.000000,398.488889,0.266667,"Higher grow limit","moving_variance","SOFCount"
1111,1522780759.000000,12.608695,1.500000,"Higher grow limit","average","SOFCount"
1111,1522780759.000000,17.500000,1.600000,"Higher grow limit","moving_average","SOFCount"
1111,1522780759.000000,394.944444,0.266667,"Higher grow limit","moving_variance","SOFCount"
1111,1522780764.000000,12.361701,1.500000,"Higher grow limit","average","SOFCount"
1111,1522780764.000000,17.400000,1.600000,"Higher grow limit","moving_average","SOFCount"
1111,1522780764.000000,398.488889,0.266667,"Higher grow limit","moving_variance","SOFCount"
1111,1522780769.000000,12.145832,1.500000,"Higher grow limit","average","SOFCount"
1111,1522780769.000000,14.900000,1.600000,"Higher grow limit","moving_average","SOFCount"
1111,1522780769.000000,407.655556,0.266667,"Higher grow limit","moving_variance","SOFCount"
1111,1522780774.000000,11.938774,1.500000,"Higher grow limit","average","SOFCount"
1111,1522780774.000000,11.200000,1.600000,"Higher grow limit","moving_average","SOFCount"
1111,1522780774.000000,346.400000,0.266667,"Higher grow limit","moving_variance","SOFCount"
1111,1522780779.000000,11.719999,1.500000,"Higher grow limit","average","SOFCount"
1111,1522780779.000000,282.177778,0.266667,"Higher grow limit","moving_variance","SOFCount"
1111,1522780784.000000,11.529411,1.500000,"Higher grow limit","average","SOFCount"
1111,1522780784.000000,7.166667,0.266667,"Higher grow limit","moving_variance","SOFCount"
1111,1522780789.000000,11.307692,1.500000,"Higher grow limit","average","SOFCount"
