2,1522924556.000000,15.333333,0.233333,"Higher grow limit","moving_variance","receivedCount"
2,1522924561.000000,58.844444,0.233333,"Higher grow limit","moving_variance","receivedCount"
2,1522924566.000000,102.177778,0.233333,"Higher grow limit","moving_variance","receivedCount"
2,1522924571.000000,10.100000,1.700000,"Higher grow limit","moving_average","receivedCount"
2,1522924571.000000,125.433333,0.233333,"Higher grow limit","moving_variance","receivedCount"
2,1522924576.000000,12.400000,1.700000,"Higher grow limit","moving_average","receivedCount"
2,1522924576.000000,131.822222,0.233333,"Higher grow limit","moving_variance","receivedCount"
2,1522924581.000000,14.700000,1.700000,"Higher grow limit","moving_average","receivedCount"
2,1522924581.000000,19.000000,2.000000,"Higher grow limit","moving_median","receivedCount"
2,1522924581.000000,131.566667,0.233333,"Higher grow limit","moving_variance","receivedCount"
2,1522924586.000000,8.260870,1.500000,"Higher grow limit","average","receivedCount"
2,1522924586.000000,17.000000,1.700000,"Higher grow limit","moving_average","receivedCount"
2,1522924586.000000,24.000000,2.000000,"Higher grow limit","moving_median","receivedCount"
2,1522924586.000000,119.555556,0.233333,"Higher grow limit","moving_variance","receivedCount"
2,1522924591.000000,8.958334,1.500000,"Higher grow limit","average","receivedCount"
2,1522924591.000000,19.300000,1.700000,"Higher grow limit","moving_average","receivedCount"
2,1522924591.000000,24.500000,2.000000,"Higher grow limit","moving_median","receivedCount"
2,1522924591.000000,95.788889,0.233333,"Higher grow limit","moving_variance","receivedCount"
2,1522924596.000000,9.480001,1.500000,"Higher grow limit","average","receivedCount"
2,1522924596.000000,21.400000,1.700000,"Higher grow limit","moving_average","receivedCount"
2,1522924596.000000,24.500000,2.000000,"Higher grow limit","moving_median","receivedCount"
2,1522924596.000000,54.488889,0.233333,"Higher grow limit","moving_variance","receivedCount"
2,1522924601.000000,9.730770,1.500000,"Higher grow limit","average","receivedCount"
2,1522924601.000000,22.700000,1.700000,"Higher grow limit","moving_average","receivedCount"
2,1522924601.000000,24.500000,2.000000,"Higher grow limit","moving_median","receivedCount"
2,1522924601.000000,18.233333,0.233333,"Higher grow limit","moving_variance","receivedCount"
2,1522924606.000000,9.407408,1.500000,"Higher grow limit","average","receivedCount"
2,1522924606.000000,21.400000,1.700000,"Higher grow limit","moving_average","receivedCount"
2,1522924606.000000,24.500000,2.000000,"Higher grow limit","moving_median","receivedCount"
2,1522924606.000000,60.266667,0.233333,"Higher grow limit","moving_variance","receivedCount"
2,1522924611.000000,9.142858,1.500000,"Higher grow limit","average","receivedCount"
2,1522924611.000000,19.200000,1.700000,"Higher grow limit","moving_average","receivedCount"
2,1522924611.000000,24.500000,2.000000,"Higher grow limit","moving_median","receivedCount"
2,1522924611.000000,95.955556,0.233333,"Higher grow limit","moving_variance","receivedCount"
2,1522924616.000000,8.896553,1.500000,"Higher grow limit","average","receivedCount"
2,1522924616.000000,16.700000,1.700000,"Higher grow limit","moving_average","receivedCount"
2,1522924616.000000,23.000000,2.000000,"Higher grow limit","moving_median","receivedCount"
2,1522924616.000000,115.122222,0.233333,"Higher grow limit","moving_variance","receivedCount"
2,1522924621.000000,8.633335,1.500000,"Higher grow limit","average","receivedCount"
2,1522924621.000000,14.300000,1.700000,"Higher grow limit","moving_average","receivedCount"
2,1522924621.000000,19.000000,2.000000,"Higher grow limit","moving_median","receivedCount"
2,1522924621.000000,128.455556,0.233333,"Higher grow limit","moving_variance","receivedCount"
2,1522924626.000000,8.419356,1.500000,"Higher grow limit","average","receivedCount"
2,1522924626.000000,12.100000,1.700000,"Higher grow limit","moving_average","receivedCount"
2,1522924626.000000,129.433333,0.233333,"Higher grow limit","moving_variance","receivedCount"
2,1522924631.000000,8.218751,1.500000,"Higher grow limit","average","receivedCount"
2,1522924631.000000,9.800000,1.700000,"Higher grow limit","moving_average","receivedCount"
2,1522924631.000000,116.400000,0.233333,"Higher grow limit","moving_variance","receivedCount"
2,1522924636.000000,8.000001,1.500000,"Higher grow limit","average","receivedCount"
2,1522924636.000000,92.933333,0.233333,"Higher grow limit","moving_variance","receivedCount"
2,1522924641.000000,7.823530,1.500000,"Higher grow limit","average","receivedCount"
2,1522924641.000000,55.877778,0.233333,"Higher grow limit","moving_variance","receivedCount"
2,1522924646.000000,7.657143,1.500000,"Higher grow limit","average","receivedCount"
2,1522924646.000000,20.766667,0.233333,"Higher grow limit","moving_variance","receivedCount"
2,1522924676.000000,41.566667,0.233333,"Higher grow limit","moving_variance","receivedCount"
2,1522924681.000000,7.690476,1.500000,"Higher grow limit","average","receivedCount"
2,1522924681.000000,85.777778,0.233333,"Higher grow limit","moving_variance","receivedCount"
2,1522924686.000000,8.279070,1.500000,"Higher grow limit","average","receivedCount"
2,1522924686.000000,9.200000,1.700000,"Higher grow limit","moving_average","receivedCount"
2,1522924686.000000,152.622222,0.233333,"Higher grow limit","moving_variance","receivedCount"
2,1522924691.000000,8.795455,1.500000,"Higher grow limit","average","receivedCount"
2,1522924691.000000,12.100000,1.700000,"Higher grow limit","moving_average","receivedCount"
2,1522924691.000000,190.322222,0.233333,"Higher grow limit","moving_variance","receivedCount"
2,1522924696.000000,9.200000,1.500000,"Higher grow limit","average","receivedCount"
2,1522924696.000000,14.600000,1.700000,"Higher grow limit","moving_average","receivedCount"
2,1522924696.000000,12.000000,2.000000,"Higher grow limit","moving_median","receivedCount"
2,1522924696.000000,196.711111,0.233333,"Higher grow limit","moving_variance","receivedCount"
2,1522924701.000000,9.391304,1.500000,"Higher grow limit","average","receivedCount"
2,1522924701.000000,16.200000,1.700000,"Higher grow limit","moving_average","receivedCount"
2,1522924701.000000,20.000000,2.000000,"Higher grow limit","moving_median","receivedCount"
2,1522924701.000000,177.511111,0.233333,"Higher grow limit","moving_variance","receivedCount"
2,1522924706.000000,9.212766,1.500000,"Higher grow limit","average","receivedCount"
2,1522924706.000000,16.200000,1.700000,"Higher grow limit","moving_average","receivedCount"
2,1522924706.000000,20.000000,2.000000,"Higher grow limit","moving_median","receivedCount"
2,1522924706.000000,177.511111,0.233333,"Higher grow limit","moving_variance","receivedCount"
2,1522924711.000000,9.041667,1.500000,"Higher grow limit","average","receivedCount"
2,1522924711.000000,16.100000,1.700000,"Higher grow limit","moving_average","receivedCount"
2,1522924711.000000,20.000000,2.000000,"Higher grow limit","moving_median","receivedCount"
2,1522924711.000000,180.766667,0.233333,"Higher grow limit","moving_variance","receivedCount"
2,1522924716.000000,8.897960,1.500000,"Higher grow limit","average","receivedCount"
2,1522924716.000000,16.100000,1.700000,"Higher grow limit","moving_average","receivedCount"
2,1522924716.000000,20.000000,2.000000,"Higher grow limit","moving_median","receivedCount"
2,1522924716.000000,180.766667,0.233333,"Higher grow limit","moving_variance","receivedCount"
2,1522924721.000000,8.760001,1.500000,"Higher grow limit","average","receivedCount"
2,1522924721.000000,16.200000,1.700000,"Higher grow limit","moving_average","receivedCount"
2,1522924721.000000,20.000000,2.000000,"Higher grow limit","moving_median","receivedCount"
2,1522924721.000000,177.511111,0.233333,"Higher grow limit","moving_variance","receivedCount"
2,1522924726.000000,8.627452,1.500000,"Higher grow limit","average","receivedCount"
2,1522924726.000000,14.200000,1.700000,"Higher grow limit","moving_average","receivedCount"
2,1522924726.000000,191.733333,0.233333,"Higher grow limit","moving_variance","receivedCount"
2,1522924731.000000,8.480770,1.500000,"Higher grow limit","average","receivedCount"
2,1522924731.000000,11.800000,1.700000,"Higher grow limit","moving_average","receivedCount"
2,1522924731.000000,191.733333,0.233333,"Higher grow limit","moving_variance","receivedCount"
2,1522924736.000000,8.358491,1.500000,"Higher grow limit","average","receivedCount"
2,1522924736.000000,8.700000,1.700000,"Higher grow limit","moving_average","receivedCount"
2,1522924736.000000,141.788889,0.233333,"Higher grow limit","moving_variance","receivedCount"
2,1522924741.000000,8.240741,1.500000,"Higher grow limit","average","receivedCount"
2,1522924741.000000,82.177778,0.233333,"Higher grow limit","moving_variance","receivedCount"
