3,2019-07-29T17:40:27.648,4270883357,0,3,4,1,0,1,1,17,3,"Switch Binary","",04,250300,"Request","Singlecast"
3,2019-07-29T17:40:41.642,4270883357,1,2,0,1,0,0,9,13,0,"","",,,"","Ack"
