3,2019-07-29T17:38:45.935,4270883357,1,2,0,1,0,0,9,13,0,"","",,,"","Ack"
