3,2019-07-29T17:38:45.935,4270883357,0,1,0,255,0,0,5,34,0,"System","Node Info",,0101d39c0110015e22855970565a7a72328e717398312586,"","Broadcast"
