2,2019-07-29T17:38:45.935,3452127626,1,3,0,1,0,0,8,20,0,"Alarm","",,7105000001fe0e0601,"","Singlecast"
