3,2019-07-29T17:38:45.935,4270883357,0,3,4,1,0,1,4,17,3,"Switch Binary","",04,2503ff,"Request","Singlecast"
