2,2019-07-29T17:38:45.935,3452127626,1,3,0,1,0,0,4,14,0,"Battery","",,800364,"","Singlecast"
